Archive member included because of file (symbol)

C:\Marmalade\6.4\s3e\edk\lib\android/libedk.a(IwDebug.o)
                              debug\s3eVungle_platform.os (IwDebugTraceSetTraceChannel)
C:\Marmalade\6.4\s3e\edk\lib\android/libedk.a(edk_helpers.o)
                              debug\s3eVungle_platform.os (s3eEdkThreadRunOnOS)
c:/program files/adt-bundle-windows-x86_64-20130717/android-ndk-r8d/toolchains/arm-linux-androideabi-4.7/prebuilt/windows/bin/../lib/gcc/arm-linux-androideabi/4.7/libgcc.a(_aeabi_ldivmod.o)
                              C:\Marmalade\6.4\s3e\edk\lib\android/libedk.a(IwDebug.o) (__aeabi_ldivmod)
c:/program files/adt-bundle-windows-x86_64-20130717/android-ndk-r8d/toolchains/arm-linux-androideabi-4.7/prebuilt/windows/bin/../lib/gcc/arm-linux-androideabi/4.7/libgcc.a(_dvmd_lnx.o)
                              c:/program files/adt-bundle-windows-x86_64-20130717/android-ndk-r8d/toolchains/arm-linux-androideabi-4.7/prebuilt/windows/bin/../lib/gcc/arm-linux-androideabi/4.7/libgcc.a(_aeabi_ldivmod.o) (__aeabi_ldiv0)
c:/program files/adt-bundle-windows-x86_64-20130717/android-ndk-r8d/toolchains/arm-linux-androideabi-4.7/prebuilt/windows/bin/../lib/gcc/arm-linux-androideabi/4.7/libgcc.a(bpabi.o)
                              c:/program files/adt-bundle-windows-x86_64-20130717/android-ndk-r8d/toolchains/arm-linux-androideabi-4.7/prebuilt/windows/bin/../lib/gcc/arm-linux-androideabi/4.7/libgcc.a(_aeabi_ldivmod.o) (__gnu_ldivmod_helper)
c:/program files/adt-bundle-windows-x86_64-20130717/android-ndk-r8d/toolchains/arm-linux-androideabi-4.7/prebuilt/windows/bin/../lib/gcc/arm-linux-androideabi/4.7/libgcc.a(_divdi3.o)
                              c:/program files/adt-bundle-windows-x86_64-20130717/android-ndk-r8d/toolchains/arm-linux-androideabi-4.7/prebuilt/windows/bin/../lib/gcc/arm-linux-androideabi/4.7/libgcc.a(bpabi.o) (__divdi3)
c:/program files/adt-bundle-windows-x86_64-20130717/android-ndk-r8d/toolchains/arm-linux-androideabi-4.7/prebuilt/windows/bin/../lib/gcc/arm-linux-androideabi/4.7/libgcc.a(_udivdi3.o)
                              c:/program files/adt-bundle-windows-x86_64-20130717/android-ndk-r8d/toolchains/arm-linux-androideabi-4.7/prebuilt/windows/bin/../lib/gcc/arm-linux-androideabi/4.7/libgcc.a(bpabi.o) (__udivdi3)
c:/program files/adt-bundle-windows-x86_64-20130717/android-ndk-r8d/toolchains/arm-linux-androideabi-4.7/prebuilt/windows/bin/../lib/gcc/arm-linux-androideabi/4.7/libgcc.a(unwind-arm.o)
                              c:/program files/adt-bundle-windows-x86_64-20130717/android-ndk-r8d/toolchains/arm-linux-androideabi-4.7/prebuilt/windows/bin/../lib/gcc/arm-linux-androideabi/4.7/libgcc.a(_divdi3.o) (__aeabi_unwind_cpp_pr0)
c:/program files/adt-bundle-windows-x86_64-20130717/android-ndk-r8d/toolchains/arm-linux-androideabi-4.7/prebuilt/windows/bin/../lib/gcc/arm-linux-androideabi/4.7/libgcc.a(libunwind.o)
                              c:/program files/adt-bundle-windows-x86_64-20130717/android-ndk-r8d/toolchains/arm-linux-androideabi-4.7/prebuilt/windows/bin/../lib/gcc/arm-linux-androideabi/4.7/libgcc.a(unwind-arm.o) (restore_core_regs)
c:/program files/adt-bundle-windows-x86_64-20130717/android-ndk-r8d/toolchains/arm-linux-androideabi-4.7/prebuilt/windows/bin/../lib/gcc/arm-linux-androideabi/4.7/libgcc.a(pr-support.o)
                              c:/program files/adt-bundle-windows-x86_64-20130717/android-ndk-r8d/toolchains/arm-linux-androideabi-4.7/prebuilt/windows/bin/../lib/gcc/arm-linux-androideabi/4.7/libgcc.a(unwind-arm.o) (__gnu_unwind_execute)
c:/program files/adt-bundle-windows-x86_64-20130717/android-ndk-r8d/toolchains/arm-linux-androideabi-4.7/prebuilt/windows/bin/../lib/gcc/arm-linux-androideabi/4.7/libgcc.a(_udivsi3.o)
                              c:/program files/adt-bundle-windows-x86_64-20130717/android-ndk-r8d/toolchains/arm-linux-androideabi-4.7/prebuilt/windows/bin/../lib/gcc/arm-linux-androideabi/4.7/libgcc.a(_divdi3.o) (__aeabi_uidiv)

Discarded input sections

 .text          0x00000000       0x14 C:/Program Files/adt-bundle-windows-x86_64-20130717/android-ndk-r8e/platforms/android-9/arch-arm/usr/lib/crtbegin_so.o
 .bss           0x00000000        0x0 C:/Program Files/adt-bundle-windows-x86_64-20130717/android-ndk-r8e/platforms/android-9/arch-arm/usr/lib/crtbegin_so.o
 .note.GNU-stack
                0x00000000        0x0 C:/Program Files/adt-bundle-windows-x86_64-20130717/android-ndk-r8e/platforms/android-9/arch-arm/usr/lib/crtbegin_so.o
 .group         0x00000000        0x8 debug\s3eVungle_platform.os
 .group         0x00000000        0x8 debug\s3eVungle_platform.os
 .group         0x00000000        0x8 debug\s3eVungle_platform.os
 .group         0x00000000        0x8 debug\s3eVungle_platform.os
 .group         0x00000000        0x8 debug\s3eVungle_platform.os
 .group         0x00000000        0x8 debug\s3eVungle_platform.os
 .group         0x00000000        0x8 debug\s3eVungle_platform.os
 .group         0x00000000        0x8 debug\s3eVungle_platform.os
 .group         0x00000000        0x8 debug\s3eVungle_platform.os
 .group         0x00000000        0x8 debug\s3eVungle_platform.os
 .group         0x00000000        0x8 debug\s3eVungle_platform.os
 .group         0x00000000        0x8 debug\s3eVungle_platform.os
 .group         0x00000000        0x8 debug\s3eVungle_platform.os
 .group         0x00000000        0x8 debug\s3eVungle_platform.os
 .group         0x00000000        0x8 debug\s3eVungle_platform.os
 .text          0x00000000        0x0 debug\s3eVungle_platform.os
 .note.GNU-stack
                0x00000000        0x0 debug\s3eVungle_platform.os
 .text          0x00000000        0x0 debug\s3eVungle.os
 .data          0x00000000        0x0 debug\s3eVungle.os
 .bss           0x00000000        0x0 debug\s3eVungle.os
 .note.GNU-stack
                0x00000000        0x0 debug\s3eVungle.os
 .text          0x00000000        0x0 debug\s3eVungle_register.os
 .data          0x00000000        0x0 debug\s3eVungle_register.os
 .bss           0x00000000        0x0 debug\s3eVungle_register.os
 .note.GNU-stack
                0x00000000        0x0 debug\s3eVungle_register.os
 .text          0x00000000        0x0 C:\Marmalade\6.4\s3e\edk\lib\android/libedk.a(IwDebug.o)
 .data          0x00000000        0x0 C:\Marmalade\6.4\s3e\edk\lib\android/libedk.a(IwDebug.o)
 .text.IwAssertRegisterTextCallback
                0x00000000       0x1c C:\Marmalade\6.4\s3e\edk\lib\android/libedk.a(IwDebug.o)
 .text.IwAssertRegisterCallback
                0x00000000       0x1c C:\Marmalade\6.4\s3e\edk\lib\android/libedk.a(IwDebug.o)
 .text.IwDebugErrorRegisterCallback
                0x00000000       0x1c C:\Marmalade\6.4\s3e\edk\lib\android/libedk.a(IwDebug.o)
 .text.IwDebugAssertSetUID
                0x00000000       0x14 C:\Marmalade\6.4\s3e\edk\lib\android/libedk.a(IwDebug.o)
 .text.IwDebugClearConfigCache
                0x00000000       0x80 C:\Marmalade\6.4\s3e\edk\lib\android/libedk.a(IwDebug.o)
 .text.IwDebugErrorShow
                0x00000000       0xec C:\Marmalade\6.4\s3e\edk\lib\android/libedk.a(IwDebug.o)
 .text.IwDebugTraceLineVPrintf
                0x00000000       0xfc C:\Marmalade\6.4\s3e\edk\lib\android/libedk.a(IwDebug.o)
 .text.IwDebugAssertIsChannelOn
                0x00000000      0x204 C:\Marmalade\6.4\s3e\edk\lib\android/libedk.a(IwDebug.o)
 .text.IwDebugTraceDisable
                0x00000000       0x10 C:\Marmalade\6.4\s3e\edk\lib\android/libedk.a(IwDebug.o)
 .text.IwDebugAssertSetMessage
                0x00000000       0xfc C:\Marmalade\6.4\s3e\edk\lib\android/libedk.a(IwDebug.o)
 .text.IwDebugAssertSetSolution
                0x00000000       0xa0 C:\Marmalade\6.4\s3e\edk\lib\android/libedk.a(IwDebug.o)
 .text.IwDebugAssertShow
                0x00000000      0x2d0 C:\Marmalade\6.4\s3e\edk\lib\android/libedk.a(IwDebug.o)
 .text.IwDebugTraceChannelSwitch
                0x00000000      0x4c4 C:\Marmalade\6.4\s3e\edk\lib\android/libedk.a(IwDebug.o)
 .note.GNU-stack
                0x00000000        0x0 C:\Marmalade\6.4\s3e\edk\lib\android/libedk.a(IwDebug.o)
 .text          0x00000000        0x0 C:\Marmalade\6.4\s3e\edk\lib\android/libedk.a(edk_helpers.o)
 .data          0x00000000        0x0 C:\Marmalade\6.4\s3e\edk\lib\android/libedk.a(edk_helpers.o)
 .bss           0x00000000        0x0 C:\Marmalade\6.4\s3e\edk\lib\android/libedk.a(edk_helpers.o)
 .text.s3eEdkThreadRunOnOSAsync
                0x00000000       0x30 C:\Marmalade\6.4\s3e\edk\lib\android/libedk.a(edk_helpers.o)
 .text.s3eEdkErrorSetString
                0x00000000       0x30 C:\Marmalade\6.4\s3e\edk\lib\android/libedk.a(edk_helpers.o)
 .note.GNU-stack
                0x00000000        0x0 C:\Marmalade\6.4\s3e\edk\lib\android/libedk.a(edk_helpers.o)
 .data          0x00000000        0x0 c:/program files/adt-bundle-windows-x86_64-20130717/android-ndk-r8d/toolchains/arm-linux-androideabi-4.7/prebuilt/windows/bin/../lib/gcc/arm-linux-androideabi/4.7/libgcc.a(_aeabi_ldivmod.o)
 .bss           0x00000000        0x0 c:/program files/adt-bundle-windows-x86_64-20130717/android-ndk-r8d/toolchains/arm-linux-androideabi-4.7/prebuilt/windows/bin/../lib/gcc/arm-linux-androideabi/4.7/libgcc.a(_aeabi_ldivmod.o)
 .note.GNU-stack
                0x00000000        0x0 c:/program files/adt-bundle-windows-x86_64-20130717/android-ndk-r8d/toolchains/arm-linux-androideabi-4.7/prebuilt/windows/bin/../lib/gcc/arm-linux-androideabi/4.7/libgcc.a(_aeabi_ldivmod.o)
 .data          0x00000000        0x0 c:/program files/adt-bundle-windows-x86_64-20130717/android-ndk-r8d/toolchains/arm-linux-androideabi-4.7/prebuilt/windows/bin/../lib/gcc/arm-linux-androideabi/4.7/libgcc.a(_dvmd_lnx.o)
 .bss           0x00000000        0x0 c:/program files/adt-bundle-windows-x86_64-20130717/android-ndk-r8d/toolchains/arm-linux-androideabi-4.7/prebuilt/windows/bin/../lib/gcc/arm-linux-androideabi/4.7/libgcc.a(_dvmd_lnx.o)
 .note.GNU-stack
                0x00000000        0x0 c:/program files/adt-bundle-windows-x86_64-20130717/android-ndk-r8d/toolchains/arm-linux-androideabi-4.7/prebuilt/windows/bin/../lib/gcc/arm-linux-androideabi/4.7/libgcc.a(_dvmd_lnx.o)
 .data          0x00000000        0x0 c:/program files/adt-bundle-windows-x86_64-20130717/android-ndk-r8d/toolchains/arm-linux-androideabi-4.7/prebuilt/windows/bin/../lib/gcc/arm-linux-androideabi/4.7/libgcc.a(bpabi.o)
 .bss           0x00000000        0x0 c:/program files/adt-bundle-windows-x86_64-20130717/android-ndk-r8d/toolchains/arm-linux-androideabi-4.7/prebuilt/windows/bin/../lib/gcc/arm-linux-androideabi/4.7/libgcc.a(bpabi.o)
 .note.GNU-stack
                0x00000000        0x0 c:/program files/adt-bundle-windows-x86_64-20130717/android-ndk-r8d/toolchains/arm-linux-androideabi-4.7/prebuilt/windows/bin/../lib/gcc/arm-linux-androideabi/4.7/libgcc.a(bpabi.o)
 .data          0x00000000        0x0 c:/program files/adt-bundle-windows-x86_64-20130717/android-ndk-r8d/toolchains/arm-linux-androideabi-4.7/prebuilt/windows/bin/../lib/gcc/arm-linux-androideabi/4.7/libgcc.a(_divdi3.o)
 .bss           0x00000000        0x0 c:/program files/adt-bundle-windows-x86_64-20130717/android-ndk-r8d/toolchains/arm-linux-androideabi-4.7/prebuilt/windows/bin/../lib/gcc/arm-linux-androideabi/4.7/libgcc.a(_divdi3.o)
 .ARM.extab     0x00000000        0x0 c:/program files/adt-bundle-windows-x86_64-20130717/android-ndk-r8d/toolchains/arm-linux-androideabi-4.7/prebuilt/windows/bin/../lib/gcc/arm-linux-androideabi/4.7/libgcc.a(_divdi3.o)
 .note.GNU-stack
                0x00000000        0x0 c:/program files/adt-bundle-windows-x86_64-20130717/android-ndk-r8d/toolchains/arm-linux-androideabi-4.7/prebuilt/windows/bin/../lib/gcc/arm-linux-androideabi/4.7/libgcc.a(_divdi3.o)
 .data          0x00000000        0x0 c:/program files/adt-bundle-windows-x86_64-20130717/android-ndk-r8d/toolchains/arm-linux-androideabi-4.7/prebuilt/windows/bin/../lib/gcc/arm-linux-androideabi/4.7/libgcc.a(_udivdi3.o)
 .bss           0x00000000        0x0 c:/program files/adt-bundle-windows-x86_64-20130717/android-ndk-r8d/toolchains/arm-linux-androideabi-4.7/prebuilt/windows/bin/../lib/gcc/arm-linux-androideabi/4.7/libgcc.a(_udivdi3.o)
 .ARM.extab     0x00000000        0x0 c:/program files/adt-bundle-windows-x86_64-20130717/android-ndk-r8d/toolchains/arm-linux-androideabi-4.7/prebuilt/windows/bin/../lib/gcc/arm-linux-androideabi/4.7/libgcc.a(_udivdi3.o)
 .note.GNU-stack
                0x00000000        0x0 c:/program files/adt-bundle-windows-x86_64-20130717/android-ndk-r8d/toolchains/arm-linux-androideabi-4.7/prebuilt/windows/bin/../lib/gcc/arm-linux-androideabi/4.7/libgcc.a(_udivdi3.o)
 .data          0x00000000        0x0 c:/program files/adt-bundle-windows-x86_64-20130717/android-ndk-r8d/toolchains/arm-linux-androideabi-4.7/prebuilt/windows/bin/../lib/gcc/arm-linux-androideabi/4.7/libgcc.a(unwind-arm.o)
 .bss           0x00000000        0x0 c:/program files/adt-bundle-windows-x86_64-20130717/android-ndk-r8d/toolchains/arm-linux-androideabi-4.7/prebuilt/windows/bin/../lib/gcc/arm-linux-androideabi/4.7/libgcc.a(unwind-arm.o)
 .note.GNU-stack
                0x00000000        0x0 c:/program files/adt-bundle-windows-x86_64-20130717/android-ndk-r8d/toolchains/arm-linux-androideabi-4.7/prebuilt/windows/bin/../lib/gcc/arm-linux-androideabi/4.7/libgcc.a(unwind-arm.o)
 .data          0x00000000        0x0 c:/program files/adt-bundle-windows-x86_64-20130717/android-ndk-r8d/toolchains/arm-linux-androideabi-4.7/prebuilt/windows/bin/../lib/gcc/arm-linux-androideabi/4.7/libgcc.a(libunwind.o)
 .bss           0x00000000        0x0 c:/program files/adt-bundle-windows-x86_64-20130717/android-ndk-r8d/toolchains/arm-linux-androideabi-4.7/prebuilt/windows/bin/../lib/gcc/arm-linux-androideabi/4.7/libgcc.a(libunwind.o)
 .note.GNU-stack
                0x00000000        0x0 c:/program files/adt-bundle-windows-x86_64-20130717/android-ndk-r8d/toolchains/arm-linux-androideabi-4.7/prebuilt/windows/bin/../lib/gcc/arm-linux-androideabi/4.7/libgcc.a(libunwind.o)
 .data          0x00000000        0x0 c:/program files/adt-bundle-windows-x86_64-20130717/android-ndk-r8d/toolchains/arm-linux-androideabi-4.7/prebuilt/windows/bin/../lib/gcc/arm-linux-androideabi/4.7/libgcc.a(pr-support.o)
 .bss           0x00000000        0x0 c:/program files/adt-bundle-windows-x86_64-20130717/android-ndk-r8d/toolchains/arm-linux-androideabi-4.7/prebuilt/windows/bin/../lib/gcc/arm-linux-androideabi/4.7/libgcc.a(pr-support.o)
 .note.GNU-stack
                0x00000000        0x0 c:/program files/adt-bundle-windows-x86_64-20130717/android-ndk-r8d/toolchains/arm-linux-androideabi-4.7/prebuilt/windows/bin/../lib/gcc/arm-linux-androideabi/4.7/libgcc.a(pr-support.o)
 .data          0x00000000        0x0 c:/program files/adt-bundle-windows-x86_64-20130717/android-ndk-r8d/toolchains/arm-linux-androideabi-4.7/prebuilt/windows/bin/../lib/gcc/arm-linux-androideabi/4.7/libgcc.a(_udivsi3.o)
 .bss           0x00000000        0x0 c:/program files/adt-bundle-windows-x86_64-20130717/android-ndk-r8d/toolchains/arm-linux-androideabi-4.7/prebuilt/windows/bin/../lib/gcc/arm-linux-androideabi/4.7/libgcc.a(_udivsi3.o)
 .note.GNU-stack
                0x00000000        0x0 c:/program files/adt-bundle-windows-x86_64-20130717/android-ndk-r8d/toolchains/arm-linux-androideabi-4.7/prebuilt/windows/bin/../lib/gcc/arm-linux-androideabi/4.7/libgcc.a(_udivsi3.o)
 .text          0x00000000        0x0 C:/Program Files/adt-bundle-windows-x86_64-20130717/android-ndk-r8e/platforms/android-9/arch-arm/usr/lib/crtend_so.o
 .data          0x00000000        0x0 C:/Program Files/adt-bundle-windows-x86_64-20130717/android-ndk-r8e/platforms/android-9/arch-arm/usr/lib/crtend_so.o
 .bss           0x00000000        0x0 C:/Program Files/adt-bundle-windows-x86_64-20130717/android-ndk-r8e/platforms/android-9/arch-arm/usr/lib/crtend_so.o
 .note.GNU-stack
                0x00000000        0x0 C:/Program Files/adt-bundle-windows-x86_64-20130717/android-ndk-r8e/platforms/android-9/arch-arm/usr/lib/crtend_so.o

Memory map

 ** file header
                0x00000000       0x34
 ** segment headers
                0x00000034      0x100

.interp         0x00000134       0x13
 ** fill        0x00000134       0x13

.dynsym         0x00000148      0x660
 ** dynsym      0x00000148      0x660

.dynstr         0x000007a8      0x786
 ** string table
                0x000007a8      0x786

.hash           0x00000f30      0x324
 ** hash        0x00000f30      0x324

.rel.dyn        0x00001254      0x148
 ** dynamic relocs
                0x00001254      0x148

.rel.plt        0x0000139c      0x108
 ** dynamic relocs
                0x0000139c      0x108

.plt            0x000014a4      0x1a0
 ** PLT         0x000014a4      0x1a0

.text           0x00001648     0x3cac
 .text.exit     0x00001648       0x10 C:/Program Files/adt-bundle-windows-x86_64-20130717/android-ndk-r8e/platforms/android-9/arch-arm/usr/lib/crtbegin_so.o
                0x00001648                __on_dlclose
 .text._ZN7_JNIEnv9FindClassEPKc
                0x00001658       0x38 debug\s3eVungle_platform.os
                0x00001658                _JNIEnv::FindClass(char const*)
 .text._ZN7_JNIEnv17ExceptionOccurredEv
                0x00001690       0x30 debug\s3eVungle_platform.os
                0x00001690                _JNIEnv::ExceptionOccurred()
 .text._ZN7_JNIEnv17ExceptionDescribeEv
                0x000016c0       0x28 debug\s3eVungle_platform.os
                0x000016c0                _JNIEnv::ExceptionDescribe()
 .text._ZN7_JNIEnv14ExceptionClearEv
                0x000016e8       0x28 debug\s3eVungle_platform.os
                0x000016e8                _JNIEnv::ExceptionClear()
 .text._ZN7_JNIEnv12NewGlobalRefEP8_jobject
                0x00001710       0x38 debug\s3eVungle_platform.os
                0x00001710                _JNIEnv::NewGlobalRef(_jobject*)
 .text._ZN7_JNIEnv15DeleteGlobalRefEP8_jobject
                0x00001748       0x30 debug\s3eVungle_platform.os
                0x00001748                _JNIEnv::DeleteGlobalRef(_jobject*)
 .text._ZN7_JNIEnv14DeleteLocalRefEP8_jobject
                0x00001778       0x30 debug\s3eVungle_platform.os
                0x00001778                _JNIEnv::DeleteLocalRef(_jobject*)
 .text._ZN7_JNIEnv9NewObjectEP7_jclassP10_jmethodIDz
                0x000017a8       0x58 debug\s3eVungle_platform.os
                0x000017a8                _JNIEnv::NewObject(_jclass*, _jmethodID*, ...)
 .text._ZN7_JNIEnv11GetMethodIDEP7_jclassPKcS3_
                0x00001800       0x48 debug\s3eVungle_platform.os
                0x00001800                _JNIEnv::GetMethodID(_jclass*, char const*, char const*)
 .text._ZN7_JNIEnv16CallObjectMethodEP8_jobjectP10_jmethodIDz
                0x00001848       0x58 debug\s3eVungle_platform.os
                0x00001848                _JNIEnv::CallObjectMethod(_jobject*, _jmethodID*, ...)
 .text._ZN7_JNIEnv17CallBooleanMethodEP8_jobjectP10_jmethodIDz
                0x000018a0       0x5c debug\s3eVungle_platform.os
                0x000018a0                _JNIEnv::CallBooleanMethod(_jobject*, _jmethodID*, ...)
 .text._ZN7_JNIEnv14CallVoidMethodEP8_jobjectP10_jmethodIDz
                0x000018fc       0x4c debug\s3eVungle_platform.os
                0x000018fc                _JNIEnv::CallVoidMethod(_jobject*, _jmethodID*, ...)
 .text._ZN7_JNIEnv12NewStringUTFEPKc
                0x00001948       0x38 debug\s3eVungle_platform.os
                0x00001948                _JNIEnv::NewStringUTF(char const*)
 .text._ZN7_JNIEnv15RegisterNativesEP7_jclassPK15JNINativeMethodi
                0x00001980       0x48 debug\s3eVungle_platform.os
                0x00001980                _JNIEnv::RegisterNatives(_jclass*, JNINativeMethod const*, int)
 .text._ZN7_JavaVM6GetEnvEPPvi
                0x000019c8       0x40 debug\s3eVungle_platform.os
                0x000019c8                _JavaVM::GetEnv(void**, int)
 .text._ZL15s3eEdkJNIGetEnvv
                0x00001a08       0x40 debug\s3eVungle_platform.os
 .text._ZL27s3eEdkAndroidFindClass_realPKc
                0x00001a48       0x8c debug\s3eVungle_platform.os
 .text._ZL22s3eEdkAndroidFindClassPKc
                0x00001ad4       0x38 debug\s3eVungle_platform.os
 .text._Z10getCStringP8_jstring
                0x00001b0c       0xd4 debug\s3eVungle_platform.os
                0x00001b0c                getCString(_jstring*)
 .text._Z17applicationPausedPvS_
                0x00001be0       0x58 debug\s3eVungle_platform.os
                0x00001be0                applicationPaused(void*, void*)
 .text._Z18applicationResumedPvS_
                0x00001c38       0x58 debug\s3eVungle_platform.os
                0x00001c38                applicationResumed(void*, void*)
 .text._Z22s3eVungleInit_platformv
                0x00001c90      0x610 debug\s3eVungle_platform.os
                0x00001c90                s3eVungleInit_platform()
 .text._Z27s3eVungleTerminate_platformv
                0x000022a0       0x64 debug\s3eVungle_platform.os
                0x000022a0                s3eVungleTerminate_platform()
 .text._ZL23s3eVungle_StartCallbackP7_JNIEnvP8_jobject
                0x00002304       0x7c debug\s3eVungle_platform.os
 .text._ZL21s3eVungle_EndCallbackP7_JNIEnvP8_jobject
                0x00002380       0x7c debug\s3eVungle_platform.os
 .text._ZL22s3eVungle_ViewCallbackP7_JNIEnvP8_jobjectdd
                0x00002400       0xd0 debug\s3eVungle_platform.os
 .text._Z33s3eVungleDefaultUserData_platformP17s3eVungleUserData
                0x000024d0       0x40 debug\s3eVungle_platform.os
                0x000024d0                s3eVungleDefaultUserData_platform(s3eVungleUserData*)
 .text._Z23s3eVungleStart_platformPKc
                0x00002510       0x6c debug\s3eVungle_platform.os
                0x00002510                s3eVungleStart_platform(char const*)
 .text._Z35s3eVungleStartWithUserData_platformPKcPK17s3eVungleUserData
                0x0000257c       0x70 debug\s3eVungle_platform.os
                0x0000257c                s3eVungleStartWithUserData_platform(char const*, s3eVungleUserData const*)
 .text._Z38s3eVungleGetCurrentStatusData_platformP19s3eVungleStatusData
                0x000025ec       0x24 debug\s3eVungle_platform.os
                0x000025ec                s3eVungleGetCurrentStatusData_platform(s3eVungleStatusData*)
 .text._Z27s3eVungleIsRunning_platformv
                0x00002610        0xc debug\s3eVungle_platform.os
                0x00002610                s3eVungleIsRunning_platform()
 .text._Z33s3eVunglePrintCacheFiles_platformv
                0x0000261c        0x4 debug\s3eVungle_platform.os
                0x0000261c                s3eVunglePrintCacheFiles_platform()
 .text._Z37s3eVunglePrintDeviceSettings_platformv
                0x00002620        0x4 debug\s3eVungle_platform.os
                0x00002620                s3eVunglePrintDeviceSettings_platform()
 .text._Z34s3eVungleGetVersionString_platformv
                0x00002624       0x5c debug\s3eVungle_platform.os
                0x00002624                s3eVungleGetVersionString_platform()
 .text._Z31s3eVungleIsAdAvailable_platformv
                0x00002680       0x50 debug\s3eVungle_platform.os
                0x00002680                s3eVungleIsAdAvailable_platform()
 .text._Z29s3eVunglePlayModalAd_platformhh
                0x000026d0       0x5c debug\s3eVungle_platform.os
                0x000026d0                s3eVunglePlayModalAd_platform(unsigned char, unsigned char)
 .text._Z36s3eVunglePlayIncentivizedAd_platformhhPKc
                0x0000272c       0x84 debug\s3eVungle_platform.os
                0x0000272c                s3eVunglePlayIncentivizedAd_platform(unsigned char, unsigned char, char const*)
 .text._Z30s3eVungleGetCacheSize_platformv
                0x000027b0        0xc debug\s3eVungle_platform.os
                0x000027b0                s3eVungleGetCacheSize_platform()
 .text._Z30s3eVungleSetCacheSize_platformi
                0x000027bc       0x10 debug\s3eVungle_platform.os
                0x000027bc                s3eVungleSetCacheSize_platform(int)
 .text._Z32s3eVungleSetLogToStdout_platformh
                0x000027cc       0x14 debug\s3eVungle_platform.os
                0x000027cc                s3eVungleSetLogToStdout_platform(unsigned char)
 .text._Z33s3eVungleSetSoundEnabled_platformh
                0x000027e0       0x4c debug\s3eVungle_platform.os
                0x000027e0                s3eVungleSetSoundEnabled_platform(unsigned char)
 .text._Z41s3eVungleSetMuteIfMusicIsPlaying_platformh
                0x0000282c       0x14 debug\s3eVungle_platform.os
                0x0000282c                s3eVungleSetMuteIfMusicIsPlaying_platform(unsigned char)
 .text._Z40s3eVungleSetCustomCountDownText_platformPKc
                0x00002840       0x18 debug\s3eVungle_platform.os
                0x00002840                s3eVungleSetCustomCountDownText_platform(char const*)
 .text._Z37s3eVungleSetAlertBoxSettings_platformPKcS0_S0_S0_
                0x00002858       0x1c debug\s3eVungle_platform.os
                0x00002858                s3eVungleSetAlertBoxSettings_platform(char const*, char const*, char const*, char const*)
 .text._Z36s3eVungleSetAllowAutoRotate_platformh
                0x00002874       0x4c debug\s3eVungle_platform.os
                0x00002874                s3eVungleSetAllowAutoRotate_platform(unsigned char)
 .text._Z13s3eVungleInitv
                0x000028c0       0x14 debug\s3eVungle.os
                0x000028c0                s3eVungleInit()
 .text._Z18s3eVungleTerminatev
                0x000028d4        0xc debug\s3eVungle.os
                0x000028d4                s3eVungleTerminate()
 .text.s3eVungleDefaultUserData
                0x000028e0       0x1c debug\s3eVungle.os
                0x000028e0                s3eVungleDefaultUserData
 .text.s3eVungleRegister
                0x000028fc       0x50 debug\s3eVungle.os
                0x000028fc                s3eVungleRegister
 .text.s3eVungleUnRegister
                0x0000294c       0x44 debug\s3eVungle.os
                0x0000294c                s3eVungleUnRegister
 .text.s3eVungleStart
                0x00002990       0x1c debug\s3eVungle.os
                0x00002990                s3eVungleStart
 .text.s3eVungleStartWithUserData
                0x000029ac       0x24 debug\s3eVungle.os
                0x000029ac                s3eVungleStartWithUserData
 .text.s3eVungleGetCurrentStatusData
                0x000029d0       0x1c debug\s3eVungle.os
                0x000029d0                s3eVungleGetCurrentStatusData
 .text.s3eVungleIsRunning
                0x000029ec       0x14 debug\s3eVungle.os
                0x000029ec                s3eVungleIsRunning
 .text.s3eVunglePrintCacheFiles
                0x00002a00        0xc debug\s3eVungle.os
                0x00002a00                s3eVunglePrintCacheFiles
 .text.s3eVunglePrintDeviceSettings
                0x00002a0c        0xc debug\s3eVungle.os
                0x00002a0c                s3eVunglePrintDeviceSettings
 .text.s3eVungleGetVersionString
                0x00002a18       0x14 debug\s3eVungle.os
                0x00002a18                s3eVungleGetVersionString
 .text.s3eVungleIsAdAvailable
                0x00002a2c       0x14 debug\s3eVungle.os
                0x00002a2c                s3eVungleIsAdAvailable
 .text.s3eVunglePlayModalAd
                0x00002a40       0x34 debug\s3eVungle.os
                0x00002a40                s3eVunglePlayModalAd
 .text.s3eVunglePlayIncentivizedAd
                0x00002a74       0x3c debug\s3eVungle.os
                0x00002a74                s3eVunglePlayIncentivizedAd
 .text.s3eVungleGetCacheSize
                0x00002ab0       0x14 debug\s3eVungle.os
                0x00002ab0                s3eVungleGetCacheSize
 .text.s3eVungleSetCacheSize
                0x00002ac4       0x1c debug\s3eVungle.os
                0x00002ac4                s3eVungleSetCacheSize
 .text.s3eVungleSetLogToStdout
                0x00002ae0       0x24 debug\s3eVungle.os
                0x00002ae0                s3eVungleSetLogToStdout
 .text.s3eVungleSetSoundEnabled
                0x00002b04       0x24 debug\s3eVungle.os
                0x00002b04                s3eVungleSetSoundEnabled
 .text.s3eVungleSetMuteIfMusicIsPlaying
                0x00002b28       0x24 debug\s3eVungle.os
                0x00002b28                s3eVungleSetMuteIfMusicIsPlaying
 .text.s3eVungleSetCustomCountDownText
                0x00002b4c       0x24 debug\s3eVungle.os
                0x00002b4c                s3eVungleSetCustomCountDownText
 .text.s3eVungleSetAlertBoxSettings
                0x00002b70       0x34 debug\s3eVungle.os
                0x00002b70                s3eVungleSetAlertBoxSettings
 .text.s3eVungleSetAllowAutoRotate
                0x00002ba4       0x24 debug\s3eVungle.os
                0x00002ba4                s3eVungleSetAllowAutoRotate
 .text._ZL25s3eVunglePlayModalAd_wraphh
                0x00002bc8       0xa8 debug\s3eVungle_register.os
 .text._ZL32s3eVunglePlayIncentivizedAd_wraphhPKc
                0x00002c70       0xb4 debug\s3eVungle_register.os
 .text._Z20s3eVungleRegisterExtv
                0x00002d24      0x1d0 debug\s3eVungle_register.os
                0x00002d24                s3eVungleRegisterExt()
 .text.RegisterExt
                0x00002ef4        0xc debug\s3eVungle_register.os
                0x00002ef4                RegisterExt
 .text.IwDebugTraceSetTraceChannel
                0x00002f00       0x1c C:\Marmalade\6.4\s3e\edk\lib\android/libedk.a(IwDebug.o)
                0x00002f00                IwDebugTraceSetTraceChannel
 .text._GLOBAL__I_Z__sdk_modules_iwcore_source_IwDebug.cpp
                0x00002f1c       0xa4 C:\Marmalade\6.4\s3e\edk\lib\android/libedk.a(IwDebug.o)
 .text.IwDebugTraceIsChannelOn
                0x00002fc0      0x2b8 C:\Marmalade\6.4\s3e\edk\lib\android/libedk.a(IwDebug.o)
                0x00002fc0                IwDebugTraceIsChannelOn
 .text.IwDebugTraceLinePrintf
                0x00003278      0x10c C:\Marmalade\6.4\s3e\edk\lib\android/libedk.a(IwDebug.o)
                0x00003278                IwDebugTraceLinePrintf
 .text.s3eEdkThreadRunOnOS
                0x00003384       0x30 C:\Marmalade\6.4\s3e\edk\lib\android/libedk.a(edk_helpers.o)
                0x00003384                s3eEdkThreadRunOnOS
 .text          0x000033b4       0x44 c:/program files/adt-bundle-windows-x86_64-20130717/android-ndk-r8d/toolchains/arm-linux-androideabi-4.7/prebuilt/windows/bin/../lib/gcc/arm-linux-androideabi/4.7/libgcc.a(_aeabi_ldivmod.o)
                0x000033b4                __aeabi_ldivmod
 .text          0x000033f8       0x10 c:/program files/adt-bundle-windows-x86_64-20130717/android-ndk-r8d/toolchains/arm-linux-androideabi-4.7/prebuilt/windows/bin/../lib/gcc/arm-linux-androideabi/4.7/libgcc.a(_dvmd_lnx.o)
                0x000033f8                __aeabi_idiv0
                0x000033f8                __aeabi_ldiv0
 .text          0x00003408       0x78 c:/program files/adt-bundle-windows-x86_64-20130717/android-ndk-r8d/toolchains/arm-linux-androideabi-4.7/prebuilt/windows/bin/../lib/gcc/arm-linux-androideabi/4.7/libgcc.a(bpabi.o)
                0x00003408                __gnu_ldivmod_helper
                0x00003444                __gnu_uldivmod_helper
 .text          0x00003480      0x480 c:/program files/adt-bundle-windows-x86_64-20130717/android-ndk-r8d/toolchains/arm-linux-androideabi-4.7/prebuilt/windows/bin/../lib/gcc/arm-linux-androideabi/4.7/libgcc.a(_divdi3.o)
                0x00003480                __divdi3
 .text          0x00003900      0x400 c:/program files/adt-bundle-windows-x86_64-20130717/android-ndk-r8d/toolchains/arm-linux-androideabi-4.7/prebuilt/windows/bin/../lib/gcc/arm-linux-androideabi/4.7/libgcc.a(_udivdi3.o)
                0x00003900                __udivdi3
 .text          0x00003d00      0xef4 c:/program files/adt-bundle-windows-x86_64-20130717/android-ndk-r8d/toolchains/arm-linux-androideabi-4.7/prebuilt/windows/bin/../lib/gcc/arm-linux-androideabi/4.7/libgcc.a(unwind-arm.o)
                0x000047cc                __aeabi_unwind_cpp_pr0
                0x000047c4                __aeabi_unwind_cpp_pr1
                0x000047bc                __aeabi_unwind_cpp_pr2
                0x0000413c                _Unwind_GetCFA
                0x00004144                __gnu_Unwind_RaiseException
                0x000041e8                __gnu_Unwind_ForcedUnwind
                0x00004204                __gnu_Unwind_Resume
                0x0000427c                __gnu_Unwind_Resume_or_Rethrow
                0x0000429c                _Unwind_Complete
                0x000042a0                _Unwind_DeleteException
                0x000042c0                _Unwind_VRS_Get
                0x0000432c                _Unwind_VRS_Set
                0x000047d4                __gnu_Unwind_Backtrace
                0x00004894                _Unwind_VRS_Pop
 .text          0x00004bf4      0x1a8 c:/program files/adt-bundle-windows-x86_64-20130717/android-ndk-r8d/toolchains/arm-linux-androideabi-4.7/prebuilt/windows/bin/../lib/gcc/arm-linux-androideabi/4.7/libgcc.a(libunwind.o)
                0x00004bf4                __restore_core_regs
                0x00004bf4                restore_core_regs
                0x00004c08                __gnu_Unwind_Restore_VFP
                0x00004c10                __gnu_Unwind_Save_VFP
                0x00004c18                __gnu_Unwind_Restore_VFP_D
                0x00004c20                __gnu_Unwind_Save_VFP_D
                0x00004c28                __gnu_Unwind_Restore_VFP_D_16_to_31
                0x00004c30                __gnu_Unwind_Save_VFP_D_16_to_31
                0x00004c38                __gnu_Unwind_Restore_WMMXD
                0x00004c7c                __gnu_Unwind_Save_WMMXD
                0x00004cc0                __gnu_Unwind_Restore_WMMXC
                0x00004cd4                __gnu_Unwind_Save_WMMXC
                0x00004ce8                ___Unwind_RaiseException
                0x00004ce8                _Unwind_RaiseException
                0x00004d0c                ___Unwind_Resume
                0x00004d0c                _Unwind_Resume
                0x00004d30                ___Unwind_Resume_or_Rethrow
                0x00004d30                _Unwind_Resume_or_Rethrow
                0x00004d54                ___Unwind_ForcedUnwind
                0x00004d54                _Unwind_ForcedUnwind
                0x00004d78                ___Unwind_Backtrace
                0x00004d78                _Unwind_Backtrace
 .text          0x00004d9c      0x490 c:/program files/adt-bundle-windows-x86_64-20130717/android-ndk-r8d/toolchains/arm-linux-androideabi-4.7/prebuilt/windows/bin/../lib/gcc/arm-linux-androideabi/4.7/libgcc.a(pr-support.o)
                0x00004e24                __gnu_unwind_execute
                0x000051b0                __gnu_unwind_frame
                0x000051f0                _Unwind_GetRegionStart
                0x00005200                _Unwind_GetLanguageSpecificData
                0x0000521c                _Unwind_GetDataRelBase
                0x00005224                _Unwind_GetTextRelBase
 .text          0xffffffffffffffff       0xc8 c:/program files/adt-bundle-windows-x86_64-20130717/android-ndk-r8d/toolchains/arm-linux-androideabi-4.7/prebuilt/windows/bin/../lib/gcc/arm-linux-androideabi/4.7/libgcc.a(_udivsi3.o)
                0x0000522c                __udivsi3
                0x0000522c                __aeabi_uidiv
                0x000052d4                __aeabi_uidivmod

.rodata         0x000052f4      0x370
 .rodata        0x000052f4      0x1b4 debug\s3eVungle_platform.os
 .rodata        0x000054a8       0x9c debug\s3eVungle_register.os
 .rodata.str1.4
                0x00005544      0x120 C:\Marmalade\6.4\s3e\edk\lib\android/libedk.a(IwDebug.o)

.ARM.exidx      0x00005664       0xe8
 .ARM.exidx     0x00005664        0x8 c:/program files/adt-bundle-windows-x86_64-20130717/android-ndk-r8d/toolchains/arm-linux-androideabi-4.7/prebuilt/windows/bin/../lib/gcc/arm-linux-androideabi/4.7/libgcc.a(_divdi3.o)
 .ARM.exidx     0xffffffffffffffff       0xd8 c:/program files/adt-bundle-windows-x86_64-20130717/android-ndk-r8d/toolchains/arm-linux-androideabi-4.7/prebuilt/windows/bin/../lib/gcc/arm-linux-androideabi/4.7/libgcc.a(unwind-arm.o)
 ** ARM cantunwind
                0x0000570c        0x8
 .ARM.exidx     0xffffffffffffffff       0x48 c:/program files/adt-bundle-windows-x86_64-20130717/android-ndk-r8d/toolchains/arm-linux-androideabi-4.7/prebuilt/windows/bin/../lib/gcc/arm-linux-androideabi/4.7/libgcc.a(pr-support.o)

.ARM.extab      0x0000574c       0x3c
 .ARM.extab     0x0000574c       0x24 c:/program files/adt-bundle-windows-x86_64-20130717/android-ndk-r8d/toolchains/arm-linux-androideabi-4.7/prebuilt/windows/bin/../lib/gcc/arm-linux-androideabi/4.7/libgcc.a(unwind-arm.o)
 .ARM.extab     0x00005770       0x18 c:/program files/adt-bundle-windows-x86_64-20130717/android-ndk-r8d/toolchains/arm-linux-androideabi-4.7/prebuilt/windows/bin/../lib/gcc/arm-linux-androideabi/4.7/libgcc.a(pr-support.o)

.fini_array     0x00006e08        0x8
 .fini_array    0x00006e08        0x4 C:/Program Files/adt-bundle-windows-x86_64-20130717/android-ndk-r8e/platforms/android-9/arch-arm/usr/lib/crtbegin_so.o
 .fini_array    0x00006e0c        0x4 C:/Program Files/adt-bundle-windows-x86_64-20130717/android-ndk-r8e/platforms/android-9/arch-arm/usr/lib/crtend_so.o

.init_array     0x00006e10        0x8
 .init_array    0x00006e10        0x4 C:\Marmalade\6.4\s3e\edk\lib\android/libedk.a(IwDebug.o)
 .init_array    0x00006e14        0x4 C:/Program Files/adt-bundle-windows-x86_64-20130717/android-ndk-r8e/platforms/android-9/arch-arm/usr/lib/crtend_so.o

.dynamic        0x00006e18       0xe0
 ** dynamic     0x00006e18       0xe0

.got            0x00006ef8      0x108
 ** GOT         0x00006ef8       0x78
 ** GOT PLT     0x00006f70       0x90

.data           0x00007000       0x2c
 .data          0x00007000        0x4 C:/Program Files/adt-bundle-windows-x86_64-20130717/android-ndk-r8e/platforms/android-9/arch-arm/usr/lib/crtbegin_so.o
                0x00007000                __dso_handle
 .data          0x00007004       0x28 debug\s3eVungle_platform.os

.bss            0x0000702c     0x1a54
 .bss           0x0000702c       0x2c debug\s3eVungle_platform.os
 .bss           0x00007058     0x1a28 C:\Marmalade\6.4\s3e\edk\lib\android/libedk.a(IwDebug.o)
                0x00007058                g_DebugGlobals
