Archive member included because of file (symbol)

C:\Marmalade\6.4\s3e\edk\lib\android/libedk.a(edk_helpers.o)
                              release\s3eVungle_platform.os (s3eEdkThreadRunOnOS)

Discarded input sections

 .text          0x00000000       0x14 C:/Program Files/adt-bundle-windows-x86_64-20130717/android-ndk-r8e/platforms/android-9/arch-arm/usr/lib/crtbegin_so.o
 .bss           0x00000000        0x0 C:/Program Files/adt-bundle-windows-x86_64-20130717/android-ndk-r8e/platforms/android-9/arch-arm/usr/lib/crtbegin_so.o
 .note.GNU-stack
                0x00000000        0x0 C:/Program Files/adt-bundle-windows-x86_64-20130717/android-ndk-r8e/platforms/android-9/arch-arm/usr/lib/crtbegin_so.o
 .group         0x00000000        0x8 release\s3eVungle_platform.os
 .group         0x00000000        0x8 release\s3eVungle_platform.os
 .group         0x00000000        0x8 release\s3eVungle_platform.os
 .group         0x00000000        0x8 release\s3eVungle_platform.os
 .text          0x00000000        0x0 release\s3eVungle_platform.os
 .text._Z10getCStringP8_jstring
                0x00000000       0x6c release\s3eVungle_platform.os
 .note.GNU-stack
                0x00000000        0x0 release\s3eVungle_platform.os
 .text          0x00000000        0x0 release\s3eVungle.os
 .data          0x00000000        0x0 release\s3eVungle.os
 .bss           0x00000000        0x0 release\s3eVungle.os
 .note.GNU-stack
                0x00000000        0x0 release\s3eVungle.os
 .text          0x00000000        0x0 release\s3eVungle_register.os
 .data          0x00000000        0x0 release\s3eVungle_register.os
 .bss           0x00000000        0x0 release\s3eVungle_register.os
 .text._Z20s3eVungleRegisterExtv
                0x00000000      0x1c0 release\s3eVungle_register.os
 .note.GNU-stack
                0x00000000        0x0 release\s3eVungle_register.os
 .text          0x00000000        0x0 C:\Marmalade\6.4\s3e\edk\lib\android/libedk.a(edk_helpers.o)
 .data          0x00000000        0x0 C:\Marmalade\6.4\s3e\edk\lib\android/libedk.a(edk_helpers.o)
 .bss           0x00000000        0x0 C:\Marmalade\6.4\s3e\edk\lib\android/libedk.a(edk_helpers.o)
 .text.s3eEdkThreadRunOnOSAsync
                0x00000000       0x30 C:\Marmalade\6.4\s3e\edk\lib\android/libedk.a(edk_helpers.o)
 .text.s3eEdkErrorSetString
                0x00000000       0x30 C:\Marmalade\6.4\s3e\edk\lib\android/libedk.a(edk_helpers.o)
 .note.GNU-stack
                0x00000000        0x0 C:\Marmalade\6.4\s3e\edk\lib\android/libedk.a(edk_helpers.o)
 .text          0x00000000        0x0 C:/Program Files/adt-bundle-windows-x86_64-20130717/android-ndk-r8e/platforms/android-9/arch-arm/usr/lib/crtend_so.o
 .data          0x00000000        0x0 C:/Program Files/adt-bundle-windows-x86_64-20130717/android-ndk-r8e/platforms/android-9/arch-arm/usr/lib/crtend_so.o
 .bss           0x00000000        0x0 C:/Program Files/adt-bundle-windows-x86_64-20130717/android-ndk-r8e/platforms/android-9/arch-arm/usr/lib/crtend_so.o
 .note.GNU-stack
                0x00000000        0x0 C:/Program Files/adt-bundle-windows-x86_64-20130717/android-ndk-r8e/platforms/android-9/arch-arm/usr/lib/crtend_so.o

Memory map

 ** file header
                0x00000000       0x34
 ** segment headers
                0x00000034       0xe0

.interp         0x00000114       0x13
 ** fill        0x00000114       0x13

.dynsym         0x00000128      0x160
 ** dynsym      0x00000128      0x160

.dynstr         0x00000288      0x187
 ** string table
                0x00000288      0x187

.hash           0x00000410       0xa4
 ** hash        0x00000410       0xa4

.rel.dyn        0x000004b4       0xc0
 ** dynamic relocs
                0x000004b4       0xc0

.rel.plt        0x00000574       0x70
 ** dynamic relocs
                0x00000574       0x70

.plt            0x000005e4       0xbc
 ** PLT         0x000005e4       0xbc

.text           0x000006a0      0xccc
 .text.exit     0x000006a0       0x10 C:/Program Files/adt-bundle-windows-x86_64-20130717/android-ndk-r8e/platforms/android-9/arch-arm/usr/lib/crtbegin_so.o
                0x000006a0                __on_dlclose
 .text._ZL27s3eEdkAndroidFindClass_realPKc
                0x000006b0       0xb4 release\s3eVungle_platform.os
 .text._ZN7_JNIEnv9NewObjectEP7_jclassP10_jmethodIDz
                0x00000764       0x38 release\s3eVungle_platform.os
                0x00000764                _JNIEnv::NewObject(_jclass*, _jmethodID*, ...)
 .text._ZN7_JNIEnv16CallObjectMethodEP8_jobjectP10_jmethodIDz
                0x0000079c       0x38 release\s3eVungle_platform.os
                0x0000079c                _JNIEnv::CallObjectMethod(_jobject*, _jmethodID*, ...)
 .text._ZN7_JNIEnv17CallBooleanMethodEP8_jobjectP10_jmethodIDz
                0x000007d4       0x38 release\s3eVungle_platform.os
                0x000007d4                _JNIEnv::CallBooleanMethod(_jobject*, _jmethodID*, ...)
 .text._ZN7_JNIEnv14CallVoidMethodEP8_jobjectP10_jmethodIDz
                0x0000080c       0x38 release\s3eVungle_platform.os
                0x0000080c                _JNIEnv::CallVoidMethod(_jobject*, _jmethodID*, ...)
 .text._Z18applicationResumedPvS_
                0x00000844       0x50 release\s3eVungle_platform.os
                0x00000844                applicationResumed(void*, void*)
 .text._Z17applicationPausedPvS_
                0x00000894       0x54 release\s3eVungle_platform.os
                0x00000894                applicationPaused(void*, void*)
 .text._Z22s3eVungleInit_platformv
                0x000008e8      0x384 release\s3eVungle_platform.os
                0x000008e8                s3eVungleInit_platform()
 .text._Z27s3eVungleTerminate_platformv
                0x00000c6c       0x4c release\s3eVungle_platform.os
                0x00000c6c                s3eVungleTerminate_platform()
 .text._Z33s3eVungleDefaultUserData_platformP17s3eVungleUserData
                0x00000cb8       0x18 release\s3eVungle_platform.os
                0x00000cb8                s3eVungleDefaultUserData_platform(s3eVungleUserData*)
 .text._Z26s3eVungleRegister_platform17s3eVungleCallbackPFiPvS0_ES0_
                0x00000cd0        0x8 release\s3eVungle_platform.os
                0x00000cd0                s3eVungleRegister_platform(s3eVungleCallback, int (*)(void*, void*), void*)
 .text._Z28s3eVungleUnRegister_platform17s3eVungleCallbackPFiPvS0_E
                0x00000cd8        0x8 release\s3eVungle_platform.os
                0x00000cd8                s3eVungleUnRegister_platform(s3eVungleCallback, int (*)(void*, void*))
 .text._Z23s3eVungleStart_platformPKc
                0x00000ce0       0x70 release\s3eVungle_platform.os
                0x00000ce0                s3eVungleStart_platform(char const*)
 .text._Z35s3eVungleStartWithUserData_platformPKcPK17s3eVungleUserData
                0x00000d50       0x70 release\s3eVungle_platform.os
                0x00000d50                s3eVungleStartWithUserData_platform(char const*, s3eVungleUserData const*)
 .text._Z38s3eVungleGetCurrentStatusData_platformP19s3eVungleStatusData
                0x00000dc0       0x40 release\s3eVungle_platform.os
                0x00000dc0                s3eVungleGetCurrentStatusData_platform(s3eVungleStatusData*)
 .text._Z27s3eVungleIsRunning_platformv
                0x00000e00        0x8 release\s3eVungle_platform.os
                0x00000e00                s3eVungleIsRunning_platform()
 .text._Z33s3eVunglePrintCacheFiles_platformv
                0x00000e08        0x4 release\s3eVungle_platform.os
                0x00000e08                s3eVunglePrintCacheFiles_platform()
 .text._Z37s3eVunglePrintDeviceSettings_platformv
                0x00000e0c        0x4 release\s3eVungle_platform.os
                0x00000e0c                s3eVunglePrintDeviceSettings_platform()
 .text._Z34s3eVungleGetVersionString_platformv
                0x00000e10       0xa8 release\s3eVungle_platform.os
                0x00000e10                s3eVungleGetVersionString_platform()
 .text._Z31s3eVungleIsAdAvailable_platformv
                0x00000eb8       0x50 release\s3eVungle_platform.os
                0x00000eb8                s3eVungleIsAdAvailable_platform()
 .text._Z29s3eVunglePlayModalAd_platformhh
                0x00000f08       0x60 release\s3eVungle_platform.os
                0x00000f08                s3eVunglePlayModalAd_platform(unsigned char, unsigned char)
 .text._Z36s3eVunglePlayIncentivizedAd_platformhhPKc
                0x00000f68       0x80 release\s3eVungle_platform.os
                0x00000f68                s3eVunglePlayIncentivizedAd_platform(unsigned char, unsigned char, char const*)
 .text._Z30s3eVungleGetCacheSize_platformv
                0x00000fe8        0x8 release\s3eVungle_platform.os
                0x00000fe8                s3eVungleGetCacheSize_platform()
 .text._Z30s3eVungleSetCacheSize_platformi
                0x00000ff0        0x4 release\s3eVungle_platform.os
                0x00000ff0                s3eVungleSetCacheSize_platform(int)
 .text._Z32s3eVungleSetLogToStdout_platformh
                0x00000ff4        0x4 release\s3eVungle_platform.os
                0x00000ff4                s3eVungleSetLogToStdout_platform(unsigned char)
 .text._Z33s3eVungleSetSoundEnabled_platformh
                0x00000ff8       0x58 release\s3eVungle_platform.os
                0x00000ff8                s3eVungleSetSoundEnabled_platform(unsigned char)
 .text._Z41s3eVungleSetMuteIfMusicIsPlaying_platformh
                0x00001050        0x4 release\s3eVungle_platform.os
                0x00001050                s3eVungleSetMuteIfMusicIsPlaying_platform(unsigned char)
 .text._Z40s3eVungleSetCustomCountDownText_platformPKc
                0x00001054        0x8 release\s3eVungle_platform.os
                0x00001054                s3eVungleSetCustomCountDownText_platform(char const*)
 .text._Z37s3eVungleSetAlertBoxSettings_platformPKcS0_S0_S0_
                0x0000105c        0x4 release\s3eVungle_platform.os
                0x0000105c                s3eVungleSetAlertBoxSettings_platform(char const*, char const*, char const*, char const*)
 .text._Z36s3eVungleSetAllowAutoRotate_platformh
                0x00001060       0x58 release\s3eVungle_platform.os
                0x00001060                s3eVungleSetAllowAutoRotate_platform(unsigned char)
 .text._Z13s3eVungleInitv
                0x000010b8        0x4 release\s3eVungle.os
                0x000010b8                s3eVungleInit()
 .text._Z18s3eVungleTerminatev
                0x000010bc        0x4 release\s3eVungle.os
                0x000010bc                s3eVungleTerminate()
 .text.s3eVungleDefaultUserData
                0x000010c0        0x4 release\s3eVungle.os
                0x000010c0                s3eVungleDefaultUserData
 .text.s3eVungleRegister
                0x000010c4        0x4 release\s3eVungle.os
                0x000010c4                s3eVungleRegister
 .text.s3eVungleUnRegister
                0x000010c8        0x4 release\s3eVungle.os
                0x000010c8                s3eVungleUnRegister
 .text.s3eVungleStart
                0x000010cc        0x4 release\s3eVungle.os
                0x000010cc                s3eVungleStart
 .text.s3eVungleStartWithUserData
                0x000010d0        0x4 release\s3eVungle.os
                0x000010d0                s3eVungleStartWithUserData
 .text.s3eVungleGetCurrentStatusData
                0x000010d4        0x4 release\s3eVungle.os
                0x000010d4                s3eVungleGetCurrentStatusData
 .text.s3eVungleIsRunning
                0x000010d8        0x4 release\s3eVungle.os
                0x000010d8                s3eVungleIsRunning
 .text.s3eVunglePrintCacheFiles
                0x000010dc        0x4 release\s3eVungle.os
                0x000010dc                s3eVunglePrintCacheFiles
 .text.s3eVunglePrintDeviceSettings
                0x000010e0        0x4 release\s3eVungle.os
                0x000010e0                s3eVunglePrintDeviceSettings
 .text.s3eVungleGetVersionString
                0x000010e4        0x4 release\s3eVungle.os
                0x000010e4                s3eVungleGetVersionString
 .text.s3eVungleIsAdAvailable
                0x000010e8        0x4 release\s3eVungle.os
                0x000010e8                s3eVungleIsAdAvailable
 .text.s3eVunglePlayModalAd
                0x000010ec        0x4 release\s3eVungle.os
                0x000010ec                s3eVunglePlayModalAd
 .text.s3eVunglePlayIncentivizedAd
                0x000010f0        0x4 release\s3eVungle.os
                0x000010f0                s3eVunglePlayIncentivizedAd
 .text.s3eVungleGetCacheSize
                0x000010f4        0x4 release\s3eVungle.os
                0x000010f4                s3eVungleGetCacheSize
 .text.s3eVungleSetCacheSize
                0x000010f8        0x4 release\s3eVungle.os
                0x000010f8                s3eVungleSetCacheSize
 .text.s3eVungleSetLogToStdout
                0x000010fc        0x4 release\s3eVungle.os
                0x000010fc                s3eVungleSetLogToStdout
 .text.s3eVungleSetSoundEnabled
                0x00001100        0x4 release\s3eVungle.os
                0x00001100                s3eVungleSetSoundEnabled
 .text.s3eVungleSetMuteIfMusicIsPlaying
                0x00001104        0x4 release\s3eVungle.os
                0x00001104                s3eVungleSetMuteIfMusicIsPlaying
 .text.s3eVungleSetCustomCountDownText
                0x00001108        0x4 release\s3eVungle.os
                0x00001108                s3eVungleSetCustomCountDownText
 .text.s3eVungleSetAlertBoxSettings
                0x0000110c        0x4 release\s3eVungle.os
                0x0000110c                s3eVungleSetAlertBoxSettings
 .text.s3eVungleSetAllowAutoRotate
                0x00001110        0x4 release\s3eVungle.os
                0x00001110                s3eVungleSetAllowAutoRotate
 .text._ZL32s3eVunglePlayIncentivizedAd_wraphhPKc
                0x00001114       0x40 release\s3eVungle_register.os
 .text._ZL25s3eVunglePlayModalAd_wraphh
                0x00001154       0x28 release\s3eVungle_register.os
 .text.RegisterExt
                0x0000117c      0x1c0 release\s3eVungle_register.os
                0x0000117c                RegisterExt
 .text.s3eEdkThreadRunOnOS
                0xffffffffffffffff       0x30 C:\Marmalade\6.4\s3e\edk\lib\android/libedk.a(edk_helpers.o)
                0x0000133c                s3eEdkThreadRunOnOS

.rodata         0x0000136c      0x144
 .rodata.str1.4
                0x0000136c      0x138 release\s3eVungle_platform.os
 .rodata.str1.4
                0x000014a4        0xc release\s3eVungle_register.os

.fini_array     0x00002e74        0x8
 .fini_array    0x00002e74        0x4 C:/Program Files/adt-bundle-windows-x86_64-20130717/android-ndk-r8e/platforms/android-9/arch-arm/usr/lib/crtbegin_so.o
 .fini_array    0x00002e78        0x4 C:/Program Files/adt-bundle-windows-x86_64-20130717/android-ndk-r8e/platforms/android-9/arch-arm/usr/lib/crtend_so.o

.init_array     0x00002e7c        0x4
 .init_array    0x00002e7c        0x4 C:/Program Files/adt-bundle-windows-x86_64-20130717/android-ndk-r8e/platforms/android-9/arch-arm/usr/lib/crtend_so.o

.dynamic        0x00002e80       0xe0
 ** dynamic     0x00002e80       0xe0

.got            0x00002f60       0xa0
 ** GOT         0x00002f60       0x5c
 ** GOT PLT     0x00002fbc       0x44

.data           0x00003000        0x8
 .data          0x00003000        0x4 C:/Program Files/adt-bundle-windows-x86_64-20130717/android-ndk-r8e/platforms/android-9/arch-arm/usr/lib/crtbegin_so.o
                0x00003000                __dso_handle
 .data          0x00003004        0x4 release\s3eVungle_platform.os

.bss            0x00003008       0x2c
 .bss           0x00003008       0x2c release\s3eVungle_platform.os
