Archive member included because of file (symbol)

C:\airplay\7.1.2\s3e\edk\lib\android\libedk.a(IwDebug.o)
                              debug\s3eVungle_platform.os (IwDebugTraceSetTraceChannel)
C:\airplay\7.1.2\s3e\edk\lib\android\libedk.a(edk_helpers.o)
                              debug\s3eVungle_platform.os (s3eEdkThreadRunOnOS)
d:/Android-ndk/toolchains/arm-linux-androideabi-4.4.3/prebuilt/windows-x86_64/bin/../lib/gcc/arm-linux-androideabi/4.4.3\libgcc.a(_aeabi_ldivmod.o)
                              C:\airplay\7.1.2\s3e\edk\lib\android\libedk.a(IwDebug.o) (__aeabi_ldivmod)
d:/Android-ndk/toolchains/arm-linux-androideabi-4.4.3/prebuilt/windows-x86_64/bin/../lib/gcc/arm-linux-androideabi/4.4.3\libgcc.a(bpabi.o)
                              d:/Android-ndk/toolchains/arm-linux-androideabi-4.4.3/prebuilt/windows-x86_64/bin/../lib/gcc/arm-linux-androideabi/4.4.3\libgcc.a(_aeabi_ldivmod.o) (__gnu_ldivmod_helper)
d:/Android-ndk/toolchains/arm-linux-androideabi-4.4.3/prebuilt/windows-x86_64/bin/../lib/gcc/arm-linux-androideabi/4.4.3\libgcc.a(unwind-arm.o)
                              d:/Android-ndk/toolchains/arm-linux-androideabi-4.4.3/prebuilt/windows-x86_64/bin/../lib/gcc/arm-linux-androideabi/4.4.3\libgcc.a(bpabi.o) (__aeabi_unwind_cpp_pr0)
d:/Android-ndk/toolchains/arm-linux-androideabi-4.4.3/prebuilt/windows-x86_64/bin/../lib/gcc/arm-linux-androideabi/4.4.3\libgcc.a(libunwind.o)
                              d:/Android-ndk/toolchains/arm-linux-androideabi-4.4.3/prebuilt/windows-x86_64/bin/../lib/gcc/arm-linux-androideabi/4.4.3\libgcc.a(unwind-arm.o) (restore_core_regs)
d:/Android-ndk/toolchains/arm-linux-androideabi-4.4.3/prebuilt/windows-x86_64/bin/../lib/gcc/arm-linux-androideabi/4.4.3\libgcc.a(pr-support.o)
                              d:/Android-ndk/toolchains/arm-linux-androideabi-4.4.3/prebuilt/windows-x86_64/bin/../lib/gcc/arm-linux-androideabi/4.4.3\libgcc.a(unwind-arm.o) (__gnu_unwind_execute)
d:/Android-ndk/toolchains/arm-linux-androideabi-4.4.3/prebuilt/windows-x86_64/bin/../lib/gcc/arm-linux-androideabi/4.4.3\libgcc.a(_divdi3.o)
                              d:/Android-ndk/toolchains/arm-linux-androideabi-4.4.3/prebuilt/windows-x86_64/bin/../lib/gcc/arm-linux-androideabi/4.4.3\libgcc.a(bpabi.o) (__divdi3)
d:/Android-ndk/toolchains/arm-linux-androideabi-4.4.3/prebuilt/windows-x86_64/bin/../lib/gcc/arm-linux-androideabi/4.4.3\libgcc.a(_udivdi3.o)
                              d:/Android-ndk/toolchains/arm-linux-androideabi-4.4.3/prebuilt/windows-x86_64/bin/../lib/gcc/arm-linux-androideabi/4.4.3\libgcc.a(bpabi.o) (__udivdi3)
d:/Android-ndk/toolchains/arm-linux-androideabi-4.4.3/prebuilt/windows-x86_64/bin/../lib/gcc/arm-linux-androideabi/4.4.3\libgcc.a(_udivsi3.o)
                              d:/Android-ndk/toolchains/arm-linux-androideabi-4.4.3/prebuilt/windows-x86_64/bin/../lib/gcc/arm-linux-androideabi/4.4.3\libgcc.a(_divdi3.o) (__aeabi_uidiv)
d:/Android-ndk/toolchains/arm-linux-androideabi-4.4.3/prebuilt/windows-x86_64/bin/../lib/gcc/arm-linux-androideabi/4.4.3\libgcc.a(_dvmd_lnx.o)
                              d:/Android-ndk/toolchains/arm-linux-androideabi-4.4.3/prebuilt/windows-x86_64/bin/../lib/gcc/arm-linux-androideabi/4.4.3\libgcc.a(_udivsi3.o) (__div0)

Discarded input sections

 .text          0x0000000000000000        0x0 d:/Android-ndk/platforms/android-9/arch-arm/usr/lib/crtbegin_so.o
 .bss           0x0000000000000000        0x0 d:/Android-ndk/platforms/android-9/arch-arm/usr/lib/crtbegin_so.o
 .note.GNU-stack
                0x0000000000000000        0x0 d:/Android-ndk/platforms/android-9/arch-arm/usr/lib/crtbegin_so.o
 _ZN7_JNIEnv9FindClassEPKc
                0x0000000000000000        0x0 debug\s3eVungle_platform.os
 _ZN7_JNIEnv17ExceptionOccurredEv
                0x0000000000000000        0x0 debug\s3eVungle_platform.os
 _ZN7_JNIEnv17ExceptionDescribeEv
                0x0000000000000000        0x0 debug\s3eVungle_platform.os
 _ZN7_JNIEnv14ExceptionClearEv
                0x0000000000000000        0x0 debug\s3eVungle_platform.os
 _ZN7_JNIEnv12NewGlobalRefEP8_jobject
                0x0000000000000000        0x0 debug\s3eVungle_platform.os
 _ZN7_JNIEnv15DeleteGlobalRefEP8_jobject
                0x0000000000000000        0x0 debug\s3eVungle_platform.os
 _ZN7_JNIEnv14DeleteLocalRefEP8_jobject
                0x0000000000000000        0x0 debug\s3eVungle_platform.os
 _ZN7_JNIEnv9NewObjectEP7_jclassP10_jmethodIDz
                0x0000000000000000        0x0 debug\s3eVungle_platform.os
 _ZN7_JNIEnv11GetMethodIDEP7_jclassPKcS3_
                0x0000000000000000        0x0 debug\s3eVungle_platform.os
 _ZN7_JNIEnv16CallObjectMethodEP8_jobjectP10_jmethodIDz
                0x0000000000000000        0x0 debug\s3eVungle_platform.os
 _ZN7_JNIEnv17CallBooleanMethodEP8_jobjectP10_jmethodIDz
                0x0000000000000000        0x0 debug\s3eVungle_platform.os
 _ZN7_JNIEnv14CallVoidMethodEP8_jobjectP10_jmethodIDz
                0x0000000000000000        0x0 debug\s3eVungle_platform.os
 _ZN7_JNIEnv12NewStringUTFEPKc
                0x0000000000000000        0x0 debug\s3eVungle_platform.os
 _ZN7_JNIEnv15RegisterNativesEP7_jclassPK15JNINativeMethodi
                0x0000000000000000        0x0 debug\s3eVungle_platform.os
 _ZN7_JavaVM6GetEnvEPPvi
                0x0000000000000000        0x0 debug\s3eVungle_platform.os
 .text          0x0000000000000000        0x0 debug\s3eVungle_platform.os
 .note.GNU-stack
                0x0000000000000000        0x0 debug\s3eVungle_platform.os
 .text          0x0000000000000000        0x0 debug\s3eVungle.os
 .data          0x0000000000000000        0x0 debug\s3eVungle.os
 .bss           0x0000000000000000        0x0 debug\s3eVungle.os
 .note.GNU-stack
                0x0000000000000000        0x0 debug\s3eVungle.os
 .text          0x0000000000000000        0x0 debug\s3eVungle_register.os
 .data          0x0000000000000000        0x0 debug\s3eVungle_register.os
 .bss           0x0000000000000000        0x0 debug\s3eVungle_register.os
 .note.GNU-stack
                0x0000000000000000        0x0 debug\s3eVungle_register.os
 .text          0x0000000000000000        0x0 C:\airplay\7.1.2\s3e\edk\lib\android\libedk.a(IwDebug.o)
 .data          0x0000000000000000        0x0 C:\airplay\7.1.2\s3e\edk\lib\android\libedk.a(IwDebug.o)
 .text.IwAssertRegisterTextCallback
                0x0000000000000000        0x0 C:\airplay\7.1.2\s3e\edk\lib\android\libedk.a(IwDebug.o)
 .text.IwAssertRegisterCallback
                0x0000000000000000        0x0 C:\airplay\7.1.2\s3e\edk\lib\android\libedk.a(IwDebug.o)
 .text.IwDebugErrorRegisterCallback
                0x0000000000000000        0x0 C:\airplay\7.1.2\s3e\edk\lib\android\libedk.a(IwDebug.o)
 .text.IwDebugAssertSetUID
                0x0000000000000000        0x0 C:\airplay\7.1.2\s3e\edk\lib\android\libedk.a(IwDebug.o)
 .text.IwDebugClearConfigCache
                0x0000000000000000        0x0 C:\airplay\7.1.2\s3e\edk\lib\android\libedk.a(IwDebug.o)
 .text.IwDebugErrorShow
                0x0000000000000000        0x0 C:\airplay\7.1.2\s3e\edk\lib\android\libedk.a(IwDebug.o)
 .text.IwDebugTraceLineVPrintf
                0x0000000000000000        0x0 C:\airplay\7.1.2\s3e\edk\lib\android\libedk.a(IwDebug.o)
 .text.IwDebugAssertIsChannelOn
                0x0000000000000000        0x0 C:\airplay\7.1.2\s3e\edk\lib\android\libedk.a(IwDebug.o)
 .text.IwDebugTraceDisable
                0x0000000000000000        0x0 C:\airplay\7.1.2\s3e\edk\lib\android\libedk.a(IwDebug.o)
 .text.IwDebugAssertSetMessage
                0x0000000000000000        0x0 C:\airplay\7.1.2\s3e\edk\lib\android\libedk.a(IwDebug.o)
 .text.IwDebugAssertSetSolution
                0x0000000000000000        0x0 C:\airplay\7.1.2\s3e\edk\lib\android\libedk.a(IwDebug.o)
 .text.IwDebugAssertShow
                0x0000000000000000        0x0 C:\airplay\7.1.2\s3e\edk\lib\android\libedk.a(IwDebug.o)
 .text.IwDebugTraceChannelSwitch
                0x0000000000000000        0x0 C:\airplay\7.1.2\s3e\edk\lib\android\libedk.a(IwDebug.o)
 .note.GNU-stack
                0x0000000000000000        0x0 C:\airplay\7.1.2\s3e\edk\lib\android\libedk.a(IwDebug.o)
 .text          0x0000000000000000        0x0 C:\airplay\7.1.2\s3e\edk\lib\android\libedk.a(edk_helpers.o)
 .data          0x0000000000000000        0x0 C:\airplay\7.1.2\s3e\edk\lib\android\libedk.a(edk_helpers.o)
 .bss           0x0000000000000000        0x0 C:\airplay\7.1.2\s3e\edk\lib\android\libedk.a(edk_helpers.o)
 .text.s3eEdkThreadRunOnOSAsync
                0x0000000000000000        0x0 C:\airplay\7.1.2\s3e\edk\lib\android\libedk.a(edk_helpers.o)
 .text.s3eEdkErrorSetString
                0x0000000000000000        0x0 C:\airplay\7.1.2\s3e\edk\lib\android\libedk.a(edk_helpers.o)
 .note.GNU-stack
                0x0000000000000000        0x0 C:\airplay\7.1.2\s3e\edk\lib\android\libedk.a(edk_helpers.o)
 .data          0x0000000000000000        0x0 d:/Android-ndk/toolchains/arm-linux-androideabi-4.4.3/prebuilt/windows-x86_64/bin/../lib/gcc/arm-linux-androideabi/4.4.3\libgcc.a(_aeabi_ldivmod.o)
 .bss           0x0000000000000000        0x0 d:/Android-ndk/toolchains/arm-linux-androideabi-4.4.3/prebuilt/windows-x86_64/bin/../lib/gcc/arm-linux-androideabi/4.4.3\libgcc.a(_aeabi_ldivmod.o)
 .note.GNU-stack
                0x0000000000000000        0x0 d:/Android-ndk/toolchains/arm-linux-androideabi-4.4.3/prebuilt/windows-x86_64/bin/../lib/gcc/arm-linux-androideabi/4.4.3\libgcc.a(_aeabi_ldivmod.o)
 .data          0x0000000000000000        0x0 d:/Android-ndk/toolchains/arm-linux-androideabi-4.4.3/prebuilt/windows-x86_64/bin/../lib/gcc/arm-linux-androideabi/4.4.3\libgcc.a(bpabi.o)
 .bss           0x0000000000000000        0x0 d:/Android-ndk/toolchains/arm-linux-androideabi-4.4.3/prebuilt/windows-x86_64/bin/../lib/gcc/arm-linux-androideabi/4.4.3\libgcc.a(bpabi.o)
 .ARM.extab     0x0000000000000000        0x0 d:/Android-ndk/toolchains/arm-linux-androideabi-4.4.3/prebuilt/windows-x86_64/bin/../lib/gcc/arm-linux-androideabi/4.4.3\libgcc.a(bpabi.o)
 .note.GNU-stack
                0x0000000000000000        0x0 d:/Android-ndk/toolchains/arm-linux-androideabi-4.4.3/prebuilt/windows-x86_64/bin/../lib/gcc/arm-linux-androideabi/4.4.3\libgcc.a(bpabi.o)
 .data          0x0000000000000000        0x0 d:/Android-ndk/toolchains/arm-linux-androideabi-4.4.3/prebuilt/windows-x86_64/bin/../lib/gcc/arm-linux-androideabi/4.4.3\libgcc.a(unwind-arm.o)
 .bss           0x0000000000000000        0x0 d:/Android-ndk/toolchains/arm-linux-androideabi-4.4.3/prebuilt/windows-x86_64/bin/../lib/gcc/arm-linux-androideabi/4.4.3\libgcc.a(unwind-arm.o)
 .note.GNU-stack
                0x0000000000000000        0x0 d:/Android-ndk/toolchains/arm-linux-androideabi-4.4.3/prebuilt/windows-x86_64/bin/../lib/gcc/arm-linux-androideabi/4.4.3\libgcc.a(unwind-arm.o)
 .data          0x0000000000000000        0x0 d:/Android-ndk/toolchains/arm-linux-androideabi-4.4.3/prebuilt/windows-x86_64/bin/../lib/gcc/arm-linux-androideabi/4.4.3\libgcc.a(libunwind.o)
 .bss           0x0000000000000000        0x0 d:/Android-ndk/toolchains/arm-linux-androideabi-4.4.3/prebuilt/windows-x86_64/bin/../lib/gcc/arm-linux-androideabi/4.4.3\libgcc.a(libunwind.o)
 .note.GNU-stack
                0x0000000000000000        0x0 d:/Android-ndk/toolchains/arm-linux-androideabi-4.4.3/prebuilt/windows-x86_64/bin/../lib/gcc/arm-linux-androideabi/4.4.3\libgcc.a(libunwind.o)
 .data          0x0000000000000000        0x0 d:/Android-ndk/toolchains/arm-linux-androideabi-4.4.3/prebuilt/windows-x86_64/bin/../lib/gcc/arm-linux-androideabi/4.4.3\libgcc.a(pr-support.o)
 .bss           0x0000000000000000        0x0 d:/Android-ndk/toolchains/arm-linux-androideabi-4.4.3/prebuilt/windows-x86_64/bin/../lib/gcc/arm-linux-androideabi/4.4.3\libgcc.a(pr-support.o)
 .ARM.extab     0x0000000000000000        0x0 d:/Android-ndk/toolchains/arm-linux-androideabi-4.4.3/prebuilt/windows-x86_64/bin/../lib/gcc/arm-linux-androideabi/4.4.3\libgcc.a(pr-support.o)
 .note.GNU-stack
                0x0000000000000000        0x0 d:/Android-ndk/toolchains/arm-linux-androideabi-4.4.3/prebuilt/windows-x86_64/bin/../lib/gcc/arm-linux-androideabi/4.4.3\libgcc.a(pr-support.o)
 .data          0x0000000000000000        0x0 d:/Android-ndk/toolchains/arm-linux-androideabi-4.4.3/prebuilt/windows-x86_64/bin/../lib/gcc/arm-linux-androideabi/4.4.3\libgcc.a(_divdi3.o)
 .bss           0x0000000000000000        0x0 d:/Android-ndk/toolchains/arm-linux-androideabi-4.4.3/prebuilt/windows-x86_64/bin/../lib/gcc/arm-linux-androideabi/4.4.3\libgcc.a(_divdi3.o)
 .ARM.extab     0x0000000000000000        0x0 d:/Android-ndk/toolchains/arm-linux-androideabi-4.4.3/prebuilt/windows-x86_64/bin/../lib/gcc/arm-linux-androideabi/4.4.3\libgcc.a(_divdi3.o)
 .note.GNU-stack
                0x0000000000000000        0x0 d:/Android-ndk/toolchains/arm-linux-androideabi-4.4.3/prebuilt/windows-x86_64/bin/../lib/gcc/arm-linux-androideabi/4.4.3\libgcc.a(_divdi3.o)
 .data          0x0000000000000000        0x0 d:/Android-ndk/toolchains/arm-linux-androideabi-4.4.3/prebuilt/windows-x86_64/bin/../lib/gcc/arm-linux-androideabi/4.4.3\libgcc.a(_udivdi3.o)
 .bss           0x0000000000000000        0x0 d:/Android-ndk/toolchains/arm-linux-androideabi-4.4.3/prebuilt/windows-x86_64/bin/../lib/gcc/arm-linux-androideabi/4.4.3\libgcc.a(_udivdi3.o)
 .ARM.extab     0x0000000000000000        0x0 d:/Android-ndk/toolchains/arm-linux-androideabi-4.4.3/prebuilt/windows-x86_64/bin/../lib/gcc/arm-linux-androideabi/4.4.3\libgcc.a(_udivdi3.o)
 .note.GNU-stack
                0x0000000000000000        0x0 d:/Android-ndk/toolchains/arm-linux-androideabi-4.4.3/prebuilt/windows-x86_64/bin/../lib/gcc/arm-linux-androideabi/4.4.3\libgcc.a(_udivdi3.o)
 .data          0x0000000000000000        0x0 d:/Android-ndk/toolchains/arm-linux-androideabi-4.4.3/prebuilt/windows-x86_64/bin/../lib/gcc/arm-linux-androideabi/4.4.3\libgcc.a(_udivsi3.o)
 .bss           0x0000000000000000        0x0 d:/Android-ndk/toolchains/arm-linux-androideabi-4.4.3/prebuilt/windows-x86_64/bin/../lib/gcc/arm-linux-androideabi/4.4.3\libgcc.a(_udivsi3.o)
 .note.GNU-stack
                0x0000000000000000        0x0 d:/Android-ndk/toolchains/arm-linux-androideabi-4.4.3/prebuilt/windows-x86_64/bin/../lib/gcc/arm-linux-androideabi/4.4.3\libgcc.a(_udivsi3.o)
 .data          0x0000000000000000        0x0 d:/Android-ndk/toolchains/arm-linux-androideabi-4.4.3/prebuilt/windows-x86_64/bin/../lib/gcc/arm-linux-androideabi/4.4.3\libgcc.a(_dvmd_lnx.o)
 .bss           0x0000000000000000        0x0 d:/Android-ndk/toolchains/arm-linux-androideabi-4.4.3/prebuilt/windows-x86_64/bin/../lib/gcc/arm-linux-androideabi/4.4.3\libgcc.a(_dvmd_lnx.o)
 .note.GNU-stack
                0x0000000000000000        0x0 d:/Android-ndk/toolchains/arm-linux-androideabi-4.4.3/prebuilt/windows-x86_64/bin/../lib/gcc/arm-linux-androideabi/4.4.3\libgcc.a(_dvmd_lnx.o)
 .text          0x0000000000000000        0x0 d:/Android-ndk/platforms/android-9/arch-arm/usr/lib/crtend_so.o
 .data          0x0000000000000000        0x0 d:/Android-ndk/platforms/android-9/arch-arm/usr/lib/crtend_so.o
 .bss           0x0000000000000000        0x0 d:/Android-ndk/platforms/android-9/arch-arm/usr/lib/crtend_so.o
 .note.GNU-stack
                0x0000000000000000        0x0 d:/Android-ndk/platforms/android-9/arch-arm/usr/lib/crtend_so.o

Memory Configuration

Name             Origin             Length             Attributes
*default*        0x0000000000000000 0xffffffffffffffff

Linker script and memory map

LOAD d:/Android-ndk/platforms/android-9/arch-arm/usr/lib/crtbegin_so.o
LOAD debug\s3eVungle_platform.os
LOAD debug\s3eVungle.os
LOAD debug\s3eVungle_register.os
LOAD C:\airplay\7.1.2\s3e\edk\lib\android\libedk.a
LOAD C:\airplay\7.1.2\s3e\edk\lib\android/libplaceholderplaceholderplaceholderplaceholderplaceholder.so
LOAD D:\Android-ndk\platforms\android-9\arch-arm\usr\lib/liblog.so
LOAD D:\Android-ndk\sources\cxx-stl\gnu-libstdc++\4.4.3\libs\armeabi\libgnustl_static.a
LOAD d:/Android-ndk/toolchains/arm-linux-androideabi-4.4.3/prebuilt/windows-x86_64/bin/../lib/gcc/arm-linux-androideabi/4.4.3\libgcc.a
LOAD D:\Android-ndk\platforms\android-9\arch-arm\usr\lib/libstdc++.so
LOAD D:\Android-ndk\platforms\android-9\arch-arm\usr\lib/libm.so
LOAD D:\Android-ndk\platforms\android-9\arch-arm\usr\lib/libc.so
LOAD d:/Android-ndk/toolchains/arm-linux-androideabi-4.4.3/prebuilt/windows-x86_64/bin/../lib/gcc/arm-linux-androideabi/4.4.3\libgcc.a
LOAD D:\Android-ndk\platforms\android-9\arch-arm\usr\lib/libc.so
LOAD D:\Android-ndk\platforms\android-9\arch-arm\usr\lib/libdl.so
LOAD d:/Android-ndk/toolchains/arm-linux-androideabi-4.4.3/prebuilt/windows-x86_64/bin/../lib/gcc/arm-linux-androideabi/4.4.3\libgcc.a
LOAD d:/Android-ndk/platforms/android-9/arch-arm/usr/lib/crtend_so.o
                0x00000000000000f4                . = (0x0 + SIZEOF_HEADERS)

.note.gnu.build-id
 *(.note.gnu.build-id)

.hash           0x00000000000000f4      0x33c
 *(.hash)
 .hash          0x00000000000000f4      0x33c d:/Android-ndk/platforms/android-9/arch-arm/usr/lib/crtbegin_so.o

.gnu.hash
 *(.gnu.hash)

.dynsym         0x0000000000000430      0x6c0
 *(.dynsym)
 .dynsym        0x0000000000000430      0x6c0 d:/Android-ndk/platforms/android-9/arch-arm/usr/lib/crtbegin_so.o

.dynstr         0x0000000000000af0      0x714
 *(.dynstr)
 .dynstr        0x0000000000000af0      0x714 d:/Android-ndk/platforms/android-9/arch-arm/usr/lib/crtbegin_so.o

.gnu.version    0x0000000000001204        0x0
 *(.gnu.version)
 .gnu.version   0x0000000000000000        0x0 d:/Android-ndk/platforms/android-9/arch-arm/usr/lib/crtbegin_so.o

.gnu.version_d  0x0000000000001204        0x0
 *(.gnu.version_d)
 .gnu.version_d
                0x0000000000000000        0x0 d:/Android-ndk/platforms/android-9/arch-arm/usr/lib/crtbegin_so.o

.gnu.version_r  0x0000000000001204        0x0
 *(.gnu.version_r)
 .gnu.version_r
                0x0000000000000000        0x0 d:/Android-ndk/platforms/android-9/arch-arm/usr/lib/crtbegin_so.o

.rel.dyn        0x0000000000001204      0x150
 *(.rel.init)
 *(.rel.text .rel.text.* .rel.gnu.linkonce.t.*)
 *(.rel.fini)
 *(.rel.rodata .rel.rodata.* .rel.gnu.linkonce.r.*)
 *(.rel.data.rel.ro* .rel.gnu.linkonce.d.rel.ro.*)
 .rel.data.rel.ro.local
                0x0000000000001204       0x48 d:/Android-ndk/platforms/android-9/arch-arm/usr/lib/crtbegin_so.o
 *(.rel.data .rel.data.* .rel.gnu.linkonce.d.*)
 *(.rel.tdata .rel.tdata.* .rel.gnu.linkonce.td.*)
 *(.rel.tbss .rel.tbss.* .rel.gnu.linkonce.tb.*)
 *(.rel.ctors)
 *(.rel.dtors)
 *(.rel.got)
 .rel.got       0x000000000000124c       0xf8 d:/Android-ndk/platforms/android-9/arch-arm/usr/lib/crtbegin_so.o
 *(.rel.bss .rel.bss.* .rel.gnu.linkonce.b.*)
 .rel.fini_array
                0x0000000000001344        0x8 d:/Android-ndk/platforms/android-9/arch-arm/usr/lib/crtbegin_so.o
 .rel.init_array
                0x000000000000134c        0x8 d:/Android-ndk/platforms/android-9/arch-arm/usr/lib/crtbegin_so.o

.rela.dyn
 *(.rela.init)
 *(.rela.text .rela.text.* .rela.gnu.linkonce.t.*)
 *(.rela.fini)
 *(.rela.rodata .rela.rodata.* .rela.gnu.linkonce.r.*)
 *(.rela.data .rela.data.* .rela.gnu.linkonce.d.*)
 *(.rela.tdata .rela.tdata.* .rela.gnu.linkonce.td.*)
 *(.rela.tbss .rela.tbss.* .rela.gnu.linkonce.tb.*)
 *(.rela.ctors)
 *(.rela.dtors)
 *(.rela.got)
 *(.rela.bss .rela.bss.* .rela.gnu.linkonce.b.*)

.rel.plt        0x0000000000001354      0x108
 *(.rel.plt)
 .rel.plt       0x0000000000001354      0x108 d:/Android-ndk/platforms/android-9/arch-arm/usr/lib/crtbegin_so.o

.rela.plt
 *(.rela.plt)

.init
 *(.init)

.plt            0x000000000000145c      0x1a0
 *(.plt)
 .plt           0x000000000000145c      0x1a0 d:/Android-ndk/platforms/android-9/arch-arm/usr/lib/crtbegin_so.o

.text           0x0000000000001600     0x3dc4
 *(.text .stub .text.* .gnu.linkonce.t.*)
 .text.exit     0x0000000000001600       0x10 d:/Android-ndk/platforms/android-9/arch-arm/usr/lib/crtbegin_so.o
                0x0000000000001600                __on_dlclose
 .text._ZN7_JNIEnv9FindClassEPKc
                0x0000000000001610       0x38 debug\s3eVungle_platform.os
                0x0000000000001610                _JNIEnv::FindClass(char const*)
 .text._ZN7_JNIEnv17ExceptionOccurredEv
                0x0000000000001648       0x30 debug\s3eVungle_platform.os
                0x0000000000001648                _JNIEnv::ExceptionOccurred()
 .text._ZN7_JNIEnv17ExceptionDescribeEv
                0x0000000000001678       0x28 debug\s3eVungle_platform.os
                0x0000000000001678                _JNIEnv::ExceptionDescribe()
 .text._ZN7_JNIEnv14ExceptionClearEv
                0x00000000000016a0       0x28 debug\s3eVungle_platform.os
                0x00000000000016a0                _JNIEnv::ExceptionClear()
 .text._ZN7_JNIEnv12NewGlobalRefEP8_jobject
                0x00000000000016c8       0x38 debug\s3eVungle_platform.os
                0x00000000000016c8                _JNIEnv::NewGlobalRef(_jobject*)
 .text._ZN7_JNIEnv15DeleteGlobalRefEP8_jobject
                0x0000000000001700       0x30 debug\s3eVungle_platform.os
                0x0000000000001700                _JNIEnv::DeleteGlobalRef(_jobject*)
 .text._ZN7_JNIEnv14DeleteLocalRefEP8_jobject
                0x0000000000001730       0x30 debug\s3eVungle_platform.os
                0x0000000000001730                _JNIEnv::DeleteLocalRef(_jobject*)
 .text._ZN7_JNIEnv9NewObjectEP7_jclassP10_jmethodIDz
                0x0000000000001760       0x5c debug\s3eVungle_platform.os
                0x0000000000001760                _JNIEnv::NewObject(_jclass*, _jmethodID*, ...)
 .text._ZN7_JNIEnv11GetMethodIDEP7_jclassPKcS3_
                0x00000000000017bc       0x48 debug\s3eVungle_platform.os
                0x00000000000017bc                _JNIEnv::GetMethodID(_jclass*, char const*, char const*)
 .text._ZN7_JNIEnv16CallObjectMethodEP8_jobjectP10_jmethodIDz
                0x0000000000001804       0x5c debug\s3eVungle_platform.os
                0x0000000000001804                _JNIEnv::CallObjectMethod(_jobject*, _jmethodID*, ...)
 .text._ZN7_JNIEnv17CallBooleanMethodEP8_jobjectP10_jmethodIDz
                0x0000000000001860       0x5c debug\s3eVungle_platform.os
                0x0000000000001860                _JNIEnv::CallBooleanMethod(_jobject*, _jmethodID*, ...)
 .text._ZN7_JNIEnv14CallVoidMethodEP8_jobjectP10_jmethodIDz
                0x00000000000018bc       0x4c debug\s3eVungle_platform.os
                0x00000000000018bc                _JNIEnv::CallVoidMethod(_jobject*, _jmethodID*, ...)
 .text._ZN7_JNIEnv12NewStringUTFEPKc
                0x0000000000001908       0x38 debug\s3eVungle_platform.os
                0x0000000000001908                _JNIEnv::NewStringUTF(char const*)
 .text._ZN7_JNIEnv15RegisterNativesEP7_jclassPK15JNINativeMethodi
                0x0000000000001940       0x48 debug\s3eVungle_platform.os
                0x0000000000001940                _JNIEnv::RegisterNatives(_jclass*, JNINativeMethod const*, int)
 .text._ZN7_JavaVM6GetEnvEPPvi
                0x0000000000001988       0x40 debug\s3eVungle_platform.os
                0x0000000000001988                _JavaVM::GetEnv(void**, int)
 .text._ZL15s3eEdkJNIGetEnvv
                0x00000000000019c8       0x44 debug\s3eVungle_platform.os
 .text._ZL27s3eEdkAndroidFindClass_realPKc
                0x0000000000001a0c       0xa4 debug\s3eVungle_platform.os
 .text._ZL22s3eEdkAndroidFindClassPKc
                0x0000000000001ab0       0x38 debug\s3eVungle_platform.os
 .text._Z10getCStringP8_jstring
                0x0000000000001ae8       0xdc debug\s3eVungle_platform.os
                0x0000000000001ae8                getCString(_jstring*)
 .text._Z17applicationPausedPvS_
                0x0000000000001bc4       0x5c debug\s3eVungle_platform.os
                0x0000000000001bc4                applicationPaused(void*, void*)
 .text._Z18applicationResumedPvS_
                0x0000000000001c20       0x5c debug\s3eVungle_platform.os
                0x0000000000001c20                applicationResumed(void*, void*)
 .text._Z22s3eVungleInit_platformv
                0x0000000000001c7c      0x688 debug\s3eVungle_platform.os
                0x0000000000001c7c                s3eVungleInit_platform()
 .text._Z27s3eVungleTerminate_platformv
                0x0000000000002304       0x64 debug\s3eVungle_platform.os
                0x0000000000002304                s3eVungleTerminate_platform()
 .text._ZL23s3eVungle_StartCallbackP7_JNIEnvP8_jobject
                0x0000000000002368       0x7c debug\s3eVungle_platform.os
 .text._ZL21s3eVungle_EndCallbackP7_JNIEnvP8_jobject
                0x00000000000023e4       0x7c debug\s3eVungle_platform.os
 .text._ZL22s3eVungle_ViewCallbackP7_JNIEnvP8_jobjectdd
                0x0000000000002460       0xc8 debug\s3eVungle_platform.os
 .text._Z33s3eVungleDefaultUserData_platformP17s3eVungleUserData
                0x0000000000002528       0x40 debug\s3eVungle_platform.os
                0x0000000000002528                s3eVungleDefaultUserData_platform(s3eVungleUserData*)
 .text._Z23s3eVungleStart_platformPKc
                0x0000000000002568       0x78 debug\s3eVungle_platform.os
                0x0000000000002568                s3eVungleStart_platform(char const*)
 .text._Z35s3eVungleStartWithUserData_platformPKcPK17s3eVungleUserData
                0x00000000000025e0       0x7c debug\s3eVungle_platform.os
                0x00000000000025e0                s3eVungleStartWithUserData_platform(char const*, s3eVungleUserData const*)
 .text._Z38s3eVungleGetCurrentStatusData_platformP19s3eVungleStatusData
                0x000000000000265c       0x24 debug\s3eVungle_platform.os
                0x000000000000265c                s3eVungleGetCurrentStatusData_platform(s3eVungleStatusData*)
 .text._Z27s3eVungleIsRunning_platformv
                0x0000000000002680        0xc debug\s3eVungle_platform.os
                0x0000000000002680                s3eVungleIsRunning_platform()
 .text._Z33s3eVunglePrintCacheFiles_platformv
                0x000000000000268c        0x4 debug\s3eVungle_platform.os
                0x000000000000268c                s3eVunglePrintCacheFiles_platform()
 .text._Z37s3eVunglePrintDeviceSettings_platformv
                0x0000000000002690        0x4 debug\s3eVungle_platform.os
                0x0000000000002690                s3eVunglePrintDeviceSettings_platform()
 .text._Z34s3eVungleGetVersionString_platformv
                0x0000000000002694       0x60 debug\s3eVungle_platform.os
                0x0000000000002694                s3eVungleGetVersionString_platform()
 .text._Z31s3eVungleIsAdAvailable_platformv
                0x00000000000026f4       0x54 debug\s3eVungle_platform.os
                0x00000000000026f4                s3eVungleIsAdAvailable_platform()
 .text._Z29s3eVunglePlayModalAd_platformhh
                0x0000000000002748       0x60 debug\s3eVungle_platform.os
                0x0000000000002748                s3eVunglePlayModalAd_platform(unsigned char, unsigned char)
 .text._Z36s3eVunglePlayIncentivizedAd_platformhhPKc
                0x00000000000027a8       0x90 debug\s3eVungle_platform.os
                0x00000000000027a8                s3eVunglePlayIncentivizedAd_platform(unsigned char, unsigned char, char const*)
 .text._Z30s3eVungleGetCacheSize_platformv
                0x0000000000002838        0xc debug\s3eVungle_platform.os
                0x0000000000002838                s3eVungleGetCacheSize_platform()
 .text._Z30s3eVungleSetCacheSize_platformi
                0x0000000000002844       0x10 debug\s3eVungle_platform.os
                0x0000000000002844                s3eVungleSetCacheSize_platform(int)
 .text._Z32s3eVungleSetLogToStdout_platformh
                0x0000000000002854       0x14 debug\s3eVungle_platform.os
                0x0000000000002854                s3eVungleSetLogToStdout_platform(unsigned char)
 .text._Z33s3eVungleSetSoundEnabled_platformh
                0x0000000000002868       0x50 debug\s3eVungle_platform.os
                0x0000000000002868                s3eVungleSetSoundEnabled_platform(unsigned char)
 .text._Z41s3eVungleSetMuteIfMusicIsPlaying_platformh
                0x00000000000028b8       0x14 debug\s3eVungle_platform.os
                0x00000000000028b8                s3eVungleSetMuteIfMusicIsPlaying_platform(unsigned char)
 .text._Z40s3eVungleSetCustomCountDownText_platformPKc
                0x00000000000028cc       0x18 debug\s3eVungle_platform.os
                0x00000000000028cc                s3eVungleSetCustomCountDownText_platform(char const*)
 .text._Z37s3eVungleSetAlertBoxSettings_platformPKcS0_S0_S0_
                0x00000000000028e4       0x1c debug\s3eVungle_platform.os
                0x00000000000028e4                s3eVungleSetAlertBoxSettings_platform(char const*, char const*, char const*, char const*)
 .text._Z36s3eVungleSetAllowAutoRotate_platformh
                0x0000000000002900       0x50 debug\s3eVungle_platform.os
                0x0000000000002900                s3eVungleSetAllowAutoRotate_platform(unsigned char)
 .text._Z38s3eVungleSetBackButtonEnabled_platformh
                0x0000000000002950       0x50 debug\s3eVungle_platform.os
                0x0000000000002950                s3eVungleSetBackButtonEnabled_platform(unsigned char)
 .text._Z13s3eVungleInitv
                0x00000000000029a0       0x14 debug\s3eVungle.os
                0x00000000000029a0                s3eVungleInit()
 .text._Z18s3eVungleTerminatev
                0x00000000000029b4        0xc debug\s3eVungle.os
                0x00000000000029b4                s3eVungleTerminate()
 .text.s3eVungleDefaultUserData
                0x00000000000029c0       0x1c debug\s3eVungle.os
                0x00000000000029c0                s3eVungleDefaultUserData
 .text.s3eVungleRegister
                0x00000000000029dc       0x50 debug\s3eVungle.os
                0x00000000000029dc                s3eVungleRegister
 .text.s3eVungleUnRegister
                0x0000000000002a2c       0x44 debug\s3eVungle.os
                0x0000000000002a2c                s3eVungleUnRegister
 .text.s3eVungleStart
                0x0000000000002a70       0x1c debug\s3eVungle.os
                0x0000000000002a70                s3eVungleStart
 .text.s3eVungleStartWithUserData
                0x0000000000002a8c       0x24 debug\s3eVungle.os
                0x0000000000002a8c                s3eVungleStartWithUserData
 .text.s3eVungleGetCurrentStatusData
                0x0000000000002ab0       0x1c debug\s3eVungle.os
                0x0000000000002ab0                s3eVungleGetCurrentStatusData
 .text.s3eVungleIsRunning
                0x0000000000002acc       0x14 debug\s3eVungle.os
                0x0000000000002acc                s3eVungleIsRunning
 .text.s3eVunglePrintCacheFiles
                0x0000000000002ae0        0xc debug\s3eVungle.os
                0x0000000000002ae0                s3eVunglePrintCacheFiles
 .text.s3eVunglePrintDeviceSettings
                0x0000000000002aec        0xc debug\s3eVungle.os
                0x0000000000002aec                s3eVunglePrintDeviceSettings
 .text.s3eVungleGetVersionString
                0x0000000000002af8       0x14 debug\s3eVungle.os
                0x0000000000002af8                s3eVungleGetVersionString
 .text.s3eVungleIsAdAvailable
                0x0000000000002b0c       0x14 debug\s3eVungle.os
                0x0000000000002b0c                s3eVungleIsAdAvailable
 .text.s3eVunglePlayModalAd
                0x0000000000002b20       0x34 debug\s3eVungle.os
                0x0000000000002b20                s3eVunglePlayModalAd
 .text.s3eVunglePlayIncentivizedAd
                0x0000000000002b54       0x3c debug\s3eVungle.os
                0x0000000000002b54                s3eVunglePlayIncentivizedAd
 .text.s3eVungleGetCacheSize
                0x0000000000002b90       0x14 debug\s3eVungle.os
                0x0000000000002b90                s3eVungleGetCacheSize
 .text.s3eVungleSetCacheSize
                0x0000000000002ba4       0x1c debug\s3eVungle.os
                0x0000000000002ba4                s3eVungleSetCacheSize
 .text.s3eVungleSetLogToStdout
                0x0000000000002bc0       0x24 debug\s3eVungle.os
                0x0000000000002bc0                s3eVungleSetLogToStdout
 .text.s3eVungleSetSoundEnabled
                0x0000000000002be4       0x24 debug\s3eVungle.os
                0x0000000000002be4                s3eVungleSetSoundEnabled
 .text.s3eVungleSetMuteIfMusicIsPlaying
                0x0000000000002c08       0x24 debug\s3eVungle.os
                0x0000000000002c08                s3eVungleSetMuteIfMusicIsPlaying
 .text.s3eVungleSetCustomCountDownText
                0x0000000000002c2c       0x24 debug\s3eVungle.os
                0x0000000000002c2c                s3eVungleSetCustomCountDownText
 .text.s3eVungleSetAlertBoxSettings
                0x0000000000002c50       0x34 debug\s3eVungle.os
                0x0000000000002c50                s3eVungleSetAlertBoxSettings
 .text.s3eVungleSetAllowAutoRotate
                0x0000000000002c84       0x24 debug\s3eVungle.os
                0x0000000000002c84                s3eVungleSetAllowAutoRotate
 .text.s3eVungleSetBackButtonEnabled
                0x0000000000002ca8       0x24 debug\s3eVungle.os
                0x0000000000002ca8                s3eVungleSetBackButtonEnabled
 .text._ZL25s3eVunglePlayModalAd_wraphh
                0x0000000000002ccc       0xac debug\s3eVungle_register.os
 .text._ZL32s3eVunglePlayIncentivizedAd_wraphhPKc
                0x0000000000002d78       0xb8 debug\s3eVungle_register.os
 .text._Z20s3eVungleRegisterExtv
                0x0000000000002e30      0x1e4 debug\s3eVungle_register.os
                0x0000000000002e30                s3eVungleRegisterExt()
 .text.RegisterExt
                0x0000000000003014        0xc debug\s3eVungle_register.os
                0x0000000000003014                RegisterExt
 .text.IwDebugTraceSetTraceChannel
                0x0000000000003020       0x1c C:\airplay\7.1.2\s3e\edk\lib\android\libedk.a(IwDebug.o)
                0x0000000000003020                IwDebugTraceSetTraceChannel
 .text._GLOBAL__I_Y__sdk_modules_iwcore_source_IwDebug.cpp
                0x000000000000303c       0xa4 C:\airplay\7.1.2\s3e\edk\lib\android\libedk.a(IwDebug.o)
 .text.IwDebugTraceIsChannelOn
                0x00000000000030e0      0x2b8 C:\airplay\7.1.2\s3e\edk\lib\android\libedk.a(IwDebug.o)
                0x00000000000030e0                IwDebugTraceIsChannelOn
 .text.IwDebugTraceLinePrintf
                0x0000000000003398      0x10c C:\airplay\7.1.2\s3e\edk\lib\android\libedk.a(IwDebug.o)
                0x0000000000003398                IwDebugTraceLinePrintf
 .text.s3eEdkThreadRunOnOS
                0x00000000000034a4       0x30 C:\airplay\7.1.2\s3e\edk\lib\android\libedk.a(edk_helpers.o)
                0x00000000000034a4                s3eEdkThreadRunOnOS
 .text          0x00000000000034d4       0x1c d:/Android-ndk/toolchains/arm-linux-androideabi-4.4.3/prebuilt/windows-x86_64/bin/../lib/gcc/arm-linux-androideabi/4.4.3\libgcc.a(_aeabi_ldivmod.o)
                0x00000000000034d4                __aeabi_ldivmod
 .text          0x00000000000034f0       0x88 d:/Android-ndk/toolchains/arm-linux-androideabi-4.4.3/prebuilt/windows-x86_64/bin/../lib/gcc/arm-linux-androideabi/4.4.3\libgcc.a(bpabi.o)
                0x00000000000034f0                __gnu_uldivmod_helper
                0x0000000000003534                __gnu_ldivmod_helper
 .text          0x0000000000003578      0xec4 d:/Android-ndk/toolchains/arm-linux-androideabi-4.4.3/prebuilt/windows-x86_64/bin/../lib/gcc/arm-linux-androideabi/4.4.3\libgcc.a(unwind-arm.o)
                0x0000000000003fa0                __gnu_Unwind_RaiseException
                0x0000000000003af8                __aeabi_unwind_cpp_pr0
                0x0000000000003628                _Unwind_GetCFA
                0x00000000000035c4                _Unwind_VRS_Set
                0x0000000000003d3c                __gnu_Unwind_Backtrace
                0x00000000000040d0                _Unwind_VRS_Pop
                0x0000000000003ae8                __aeabi_unwind_cpp_pr2
                0x0000000000003634                _Unwind_DeleteException
                0x0000000000003630                _Unwind_Complete
                0x0000000000004064                __gnu_Unwind_Resume
                0x0000000000003f2c                __gnu_Unwind_ForcedUnwind
                0x0000000000004044                __gnu_Unwind_Resume_or_Rethrow
                0x0000000000003578                _Unwind_VRS_Get
                0x0000000000003af0                __aeabi_unwind_cpp_pr1
 .text          0x000000000000443c      0x1a8 d:/Android-ndk/toolchains/arm-linux-androideabi-4.4.3/prebuilt/windows-x86_64/bin/../lib/gcc/arm-linux-androideabi/4.4.3\libgcc.a(libunwind.o)
                0x000000000000459c                ___Unwind_ForcedUnwind
                0x0000000000004458                __gnu_Unwind_Save_VFP
                0x0000000000004578                _Unwind_Resume_or_Rethrow
                0x0000000000004578                ___Unwind_Resume_or_Rethrow
                0x00000000000045c0                _Unwind_Backtrace
                0x000000000000443c                __restore_core_regs
                0x0000000000004478                __gnu_Unwind_Save_VFP_D_16_to_31
                0x0000000000004468                __gnu_Unwind_Save_VFP_D
                0x00000000000045c0                ___Unwind_Backtrace
                0x0000000000004530                ___Unwind_RaiseException
                0x0000000000004554                ___Unwind_Resume
                0x0000000000004480                __gnu_Unwind_Restore_WMMXD
                0x0000000000004450                __gnu_Unwind_Restore_VFP
                0x0000000000004554                _Unwind_Resume
                0x0000000000004460                __gnu_Unwind_Restore_VFP_D
                0x0000000000004470                __gnu_Unwind_Restore_VFP_D_16_to_31
                0x0000000000004530                _Unwind_RaiseException
                0x000000000000443c                restore_core_regs
                0x000000000000451c                __gnu_Unwind_Save_WMMXC
                0x0000000000004508                __gnu_Unwind_Restore_WMMXC
                0x000000000000459c                _Unwind_ForcedUnwind
                0x00000000000044c4                __gnu_Unwind_Save_WMMXD
 .text          0x00000000000045e4      0x484 d:/Android-ndk/toolchains/arm-linux-androideabi-4.4.3/prebuilt/windows-x86_64/bin/../lib/gcc/arm-linux-androideabi/4.4.3\libgcc.a(pr-support.o)
                0x0000000000004684                _Unwind_GetRegionStart
                0x00000000000046b0                __gnu_unwind_execute
                0x000000000000463c                _Unwind_GetTextRelBase
                0x000000000000464c                _Unwind_GetLanguageSpecificData
                0x0000000000004a28                __gnu_unwind_frame
                0x0000000000004644                _Unwind_GetDataRelBase
 .text          0x0000000000004a68      0x47c d:/Android-ndk/toolchains/arm-linux-androideabi-4.4.3/prebuilt/windows-x86_64/bin/../lib/gcc/arm-linux-androideabi/4.4.3\libgcc.a(_divdi3.o)
                0x0000000000004a68                __divdi3
 .text          0x0000000000004ee4      0x40c d:/Android-ndk/toolchains/arm-linux-androideabi-4.4.3/prebuilt/windows-x86_64/bin/../lib/gcc/arm-linux-androideabi/4.4.3\libgcc.a(_udivdi3.o)
                0x0000000000004ee4                __udivdi3
 .text          0x00000000000052f0       0xc4 d:/Android-ndk/toolchains/arm-linux-androideabi-4.4.3/prebuilt/windows-x86_64/bin/../lib/gcc/arm-linux-androideabi/4.4.3\libgcc.a(_udivsi3.o)
                0x00000000000052f0                __udivsi3
                0x00000000000052f0                __aeabi_uidiv
                0x000000000000539c                __aeabi_uidivmod
 .text          0x00000000000053b4       0x10 d:/Android-ndk/toolchains/arm-linux-androideabi-4.4.3/prebuilt/windows-x86_64/bin/../lib/gcc/arm-linux-androideabi/4.4.3\libgcc.a(_dvmd_lnx.o)
                0x00000000000053b4                __div0
 *(.gnu.warning)
 *(.glue_7t)
 .glue_7t       0x0000000000000000        0x0 linker stubs
 *(.glue_7)
 .glue_7        0x0000000000000000        0x0 linker stubs
 *(.vfp11_veneer)
 .vfp11_veneer  0x0000000000000000        0x0 linker stubs
 *(.v4_bx)
 .v4_bx         0x0000000000000000        0x0 linker stubs

.fini
 *(.fini)
                0x00000000000053c4                PROVIDE (__etext, .)
                0x00000000000053c4                PROVIDE (_etext, .)
                0x00000000000053c4                PROVIDE (etext, .)

.rodata         0x00000000000053c4      0x38c
 *(.rodata .rodata.* .gnu.linkonce.r.*)
 .rodata        0x00000000000053c4      0x1d4 debug\s3eVungle_platform.os
 .rodata        0x0000000000005598       0x9c debug\s3eVungle_register.os
 .rodata.str1.4
                0x0000000000005634      0x11c C:\airplay\7.1.2\s3e\edk\lib\android\libedk.a(IwDebug.o)
                                        0x120 (size before relaxing)

.rodata1
 *(.rodata1)

.ARM.extab      0x0000000000005750       0x24
 *(.ARM.extab* .gnu.linkonce.armextab.*)
 .ARM.extab     0x0000000000005750       0x24 d:/Android-ndk/toolchains/arm-linux-androideabi-4.4.3/prebuilt/windows-x86_64/bin/../lib/gcc/arm-linux-androideabi/4.4.3\libgcc.a(unwind-arm.o)
                0x0000000000005774                __exidx_start = .

.ARM.exidx      0x0000000000005774       0xf8
 *(.ARM.exidx* .gnu.linkonce.armexidx.*)
 .ARM.exidx     0x0000000000005774       0x10 d:/Android-ndk/toolchains/arm-linux-androideabi-4.4.3/prebuilt/windows-x86_64/bin/../lib/gcc/arm-linux-androideabi/4.4.3\libgcc.a(bpabi.o)
 .ARM.exidx     0x0000000000005784       0xa0 d:/Android-ndk/toolchains/arm-linux-androideabi-4.4.3/prebuilt/windows-x86_64/bin/../lib/gcc/arm-linux-androideabi/4.4.3\libgcc.a(unwind-arm.o)
 .ARM.exidx     0x0000000000005824       0x38 d:/Android-ndk/toolchains/arm-linux-androideabi-4.4.3/prebuilt/windows-x86_64/bin/../lib/gcc/arm-linux-androideabi/4.4.3\libgcc.a(pr-support.o)
 .ARM.exidx     0x000000000000585c        0x8 d:/Android-ndk/toolchains/arm-linux-androideabi-4.4.3/prebuilt/windows-x86_64/bin/../lib/gcc/arm-linux-androideabi/4.4.3\libgcc.a(_divdi3.o)
 .ARM.exidx     0x0000000000005864        0x8 d:/Android-ndk/toolchains/arm-linux-androideabi-4.4.3/prebuilt/windows-x86_64/bin/../lib/gcc/arm-linux-androideabi/4.4.3\libgcc.a(_udivdi3.o)
                0x000000000000586c                __exidx_end = .

.eh_frame_hdr
 *(.eh_frame_hdr)

.eh_frame
 *(.eh_frame)

.gcc_except_table
 *(.gcc_except_table .gcc_except_table.*)
                0x000000000000586c                . = (ALIGN (0x1000) - ((0x1000 - .) & 0xfff))
                0x0000000000006de8                . = (0x1000 DATA_SEGMENT_ALIGN 0x1000)

.eh_frame
 *(.eh_frame)

.gcc_except_table
 *(.gcc_except_table .gcc_except_table.*)

.tdata
 *(.tdata .tdata.* .gnu.linkonce.td.*)

.tbss
 *(.tbss .tbss.* .gnu.linkonce.tb.*)
 *(.tcommon)

.preinit_array
 *(.preinit_array)

.init_array     0x0000000000006de8        0x8
 *(SORT(.init_array.*))
 *(.init_array)
 .init_array    0x0000000000006de8        0x4 C:\airplay\7.1.2\s3e\edk\lib\android\libedk.a(IwDebug.o)
 .init_array    0x0000000000006dec        0x4 d:/Android-ndk/platforms/android-9/arch-arm/usr/lib/crtend_so.o

.fini_array     0x0000000000006df0        0x8
 *(.fini_array)
 .fini_array    0x0000000000006df0        0x4 d:/Android-ndk/platforms/android-9/arch-arm/usr/lib/crtbegin_so.o
 .fini_array    0x0000000000006df4        0x4 d:/Android-ndk/platforms/android-9/arch-arm/usr/lib/crtend_so.o
 *(SORT(.fini_array.*))

.ctors
 *crtbegin.o(.ctors)
 *crtbegin?.o(.ctors)
 *(EXCLUDE_FILE(*crtend?.o *crtend.o) .ctors)
 *(SORT(.ctors.*))
 *(.ctors)

.dtors
 *crtbegin.o(.dtors)
 *crtbegin?.o(.dtors)
 *(EXCLUDE_FILE(*crtend?.o *crtend.o) .dtors)
 *(SORT(.dtors.*))
 *(.dtors)

.jcr
 *(.jcr)

.data.rel.ro    0x0000000000006df8       0x24
 *(.data.rel.ro.local* .gnu.linkonce.d.rel.ro.local.*)
 .data.rel.ro.local
                0x0000000000006df8       0x24 debug\s3eVungle_platform.os
 *(.data.rel.ro* .gnu.linkonce.d.rel.ro.*)

.dynamic        0x0000000000006e1c       0xd8
 *(.dynamic)
 .dynamic       0x0000000000006e1c       0xd8 d:/Android-ndk/platforms/android-9/arch-arm/usr/lib/crtbegin_so.o
                0x0000000000006e1c                _DYNAMIC

.got            0x0000000000006ef4      0x10c
 *(.got.plt)
 .got.plt       0x0000000000006ef4       0x90 d:/Android-ndk/platforms/android-9/arch-arm/usr/lib/crtbegin_so.o
                0x0000000000006ef4                _GLOBAL_OFFSET_TABLE_
 *(.got)
 .got           0x0000000000006f84       0x7c d:/Android-ndk/platforms/android-9/arch-arm/usr/lib/crtbegin_so.o
                0x0000000000007000                . = (. DATA_SEGMENT_RELRO_END 0x0)

.data           0x0000000000007000        0x8
                0x0000000000007000                __data_start = .
 *(.data .data.* .gnu.linkonce.d.*)
 .data          0x0000000000007000        0x4 d:/Android-ndk/platforms/android-9/arch-arm/usr/lib/crtbegin_so.o
                0x0000000000007000                __dso_handle
 .data          0x0000000000007004        0x4 debug\s3eVungle_platform.os

.data1
 *(.data1)
                0x0000000000007008                _edata = .
                0x0000000000007008                PROVIDE (edata, .)
                0x0000000000007008                __bss_start = .
                0x0000000000007008                __bss_start__ = .

.bss            0x0000000000007008     0x1a58
 *(.dynbss)
 .dynbss        0x0000000000000000        0x0 d:/Android-ndk/platforms/android-9/arch-arm/usr/lib/crtbegin_so.o
 *(.bss .bss.* .gnu.linkonce.b.*)
 .bss           0x0000000000007008       0x30 debug\s3eVungle_platform.os
 .bss           0x0000000000007038     0x1a28 C:\airplay\7.1.2\s3e\edk\lib\android\libedk.a(IwDebug.o)
                0x0000000000007038                g_DebugGlobals
 *(COMMON)
                0x0000000000008a60                . = ALIGN ((. != 0x0)?0x4:0x1)
                0x0000000000008a60                _bss_end__ = .
                0x0000000000008a60                __bss_end__ = .
                0x0000000000008a60                . = ALIGN (0x4)
                0x0000000000008a60                . = ALIGN (0x4)
                0x0000000000008a60                __end__ = .
                0x0000000000008a60                _end = .
                0x0000000000008a60                PROVIDE (end, .)
                0x0000000000008a60                . = DATA_SEGMENT_END (.)

.stab
 *(.stab)

.stabstr
 *(.stabstr)

.stab.excl
 *(.stab.excl)

.stab.exclstr
 *(.stab.exclstr)

.stab.index
 *(.stab.index)

.stab.indexstr
 *(.stab.indexstr)

.comment        0x0000000000000000       0xd9
 *(.comment)
 .comment       0x0000000000000000       0x25 d:/Android-ndk/platforms/android-9/arch-arm/usr/lib/crtbegin_so.o
                                         0x26 (size before relaxing)
 .comment       0x0000000000000025       0x12 debug\s3eVungle_platform.os
 .comment       0x0000000000000037       0x12 debug\s3eVungle.os
 .comment       0x0000000000000049       0x12 debug\s3eVungle_register.os
 .comment       0x000000000000005b       0x12 C:\airplay\7.1.2\s3e\edk\lib\android\libedk.a(IwDebug.o)
 .comment       0x000000000000006d       0x12 C:\airplay\7.1.2\s3e\edk\lib\android\libedk.a(edk_helpers.o)
 .comment       0x000000000000007f       0x12 d:/Android-ndk/toolchains/arm-linux-androideabi-4.4.3/prebuilt/windows-x86_64/bin/../lib/gcc/arm-linux-androideabi/4.4.3\libgcc.a(bpabi.o)
 .comment       0x0000000000000091       0x12 d:/Android-ndk/toolchains/arm-linux-androideabi-4.4.3/prebuilt/windows-x86_64/bin/../lib/gcc/arm-linux-androideabi/4.4.3\libgcc.a(unwind-arm.o)
 .comment       0x00000000000000a3       0x12 d:/Android-ndk/toolchains/arm-linux-androideabi-4.4.3/prebuilt/windows-x86_64/bin/../lib/gcc/arm-linux-androideabi/4.4.3\libgcc.a(pr-support.o)
 .comment       0x00000000000000b5       0x12 d:/Android-ndk/toolchains/arm-linux-androideabi-4.4.3/prebuilt/windows-x86_64/bin/../lib/gcc/arm-linux-androideabi/4.4.3\libgcc.a(_divdi3.o)
 .comment       0x00000000000000c7       0x12 d:/Android-ndk/toolchains/arm-linux-androideabi-4.4.3/prebuilt/windows-x86_64/bin/../lib/gcc/arm-linux-androideabi/4.4.3\libgcc.a(_udivdi3.o)

.debug
 *(.debug)

.line
 *(.line)

.debug_srcinfo
 *(.debug_srcinfo)

.debug_sfnames
 *(.debug_sfnames)

.debug_aranges  0x0000000000000000      0x3b8
 *(.debug_aranges)
 .debug_aranges
                0x0000000000000000      0x188 debug\s3eVungle_platform.os
 .debug_aranges
                0x0000000000000188       0xd8 debug\s3eVungle.os
 .debug_aranges
                0x0000000000000260       0x38 debug\s3eVungle_register.os
 .debug_aranges
                0x0000000000000298       0x20 d:/Android-ndk/toolchains/arm-linux-androideabi-4.4.3/prebuilt/windows-x86_64/bin/../lib/gcc/arm-linux-androideabi/4.4.3\libgcc.a(_aeabi_ldivmod.o)
 .debug_aranges
                0x00000000000002b8       0x20 d:/Android-ndk/toolchains/arm-linux-androideabi-4.4.3/prebuilt/windows-x86_64/bin/../lib/gcc/arm-linux-androideabi/4.4.3\libgcc.a(bpabi.o)
 .debug_aranges
                0x00000000000002d8       0x20 d:/Android-ndk/toolchains/arm-linux-androideabi-4.4.3/prebuilt/windows-x86_64/bin/../lib/gcc/arm-linux-androideabi/4.4.3\libgcc.a(unwind-arm.o)
 .debug_aranges
                0x00000000000002f8       0x20 d:/Android-ndk/toolchains/arm-linux-androideabi-4.4.3/prebuilt/windows-x86_64/bin/../lib/gcc/arm-linux-androideabi/4.4.3\libgcc.a(libunwind.o)
 .debug_aranges
                0x0000000000000318       0x20 d:/Android-ndk/toolchains/arm-linux-androideabi-4.4.3/prebuilt/windows-x86_64/bin/../lib/gcc/arm-linux-androideabi/4.4.3\libgcc.a(pr-support.o)
 .debug_aranges
                0x0000000000000338       0x20 d:/Android-ndk/toolchains/arm-linux-androideabi-4.4.3/prebuilt/windows-x86_64/bin/../lib/gcc/arm-linux-androideabi/4.4.3\libgcc.a(_divdi3.o)
 .debug_aranges
                0x0000000000000358       0x20 d:/Android-ndk/toolchains/arm-linux-androideabi-4.4.3/prebuilt/windows-x86_64/bin/../lib/gcc/arm-linux-androideabi/4.4.3\libgcc.a(_udivdi3.o)
 .debug_aranges
                0x0000000000000378       0x20 d:/Android-ndk/toolchains/arm-linux-androideabi-4.4.3/prebuilt/windows-x86_64/bin/../lib/gcc/arm-linux-androideabi/4.4.3\libgcc.a(_udivsi3.o)
 .debug_aranges
                0x0000000000000398       0x20 d:/Android-ndk/toolchains/arm-linux-androideabi-4.4.3/prebuilt/windows-x86_64/bin/../lib/gcc/arm-linux-androideabi/4.4.3\libgcc.a(_dvmd_lnx.o)

.debug_pubnames
                0x0000000000000000      0xacd
 *(.debug_pubnames)
 .debug_pubnames
                0x0000000000000000      0x526 debug\s3eVungle_platform.os
 .debug_pubnames
                0x0000000000000526      0x2ba debug\s3eVungle.os
 .debug_pubnames
                0x00000000000007e0       0x3b debug\s3eVungle_register.os
 .debug_pubnames
                0x000000000000081b       0x45 d:/Android-ndk/toolchains/arm-linux-androideabi-4.4.3/prebuilt/windows-x86_64/bin/../lib/gcc/arm-linux-androideabi/4.4.3\libgcc.a(bpabi.o)
 .debug_pubnames
                0x0000000000000860      0x177 d:/Android-ndk/toolchains/arm-linux-androideabi-4.4.3/prebuilt/windows-x86_64/bin/../lib/gcc/arm-linux-androideabi/4.4.3\libgcc.a(unwind-arm.o)
 .debug_pubnames
                0x00000000000009d7       0xb7 d:/Android-ndk/toolchains/arm-linux-androideabi-4.4.3/prebuilt/windows-x86_64/bin/../lib/gcc/arm-linux-androideabi/4.4.3\libgcc.a(pr-support.o)
 .debug_pubnames
                0x0000000000000a8e       0x1f d:/Android-ndk/toolchains/arm-linux-androideabi-4.4.3/prebuilt/windows-x86_64/bin/../lib/gcc/arm-linux-androideabi/4.4.3\libgcc.a(_divdi3.o)
 .debug_pubnames
                0x0000000000000aad       0x20 d:/Android-ndk/toolchains/arm-linux-androideabi-4.4.3/prebuilt/windows-x86_64/bin/../lib/gcc/arm-linux-androideabi/4.4.3\libgcc.a(_udivdi3.o)

.debug_info     0x0000000000000000     0x9686
 *(.debug_info .gnu.linkonce.wi.*)
 .debug_info    0x0000000000000000     0x6452 debug\s3eVungle_platform.os
 .debug_info    0x0000000000006452      0x62f debug\s3eVungle.os
 .debug_info    0x0000000000006a81      0x198 debug\s3eVungle_register.os
 .debug_info    0x0000000000006c19       0xd5 d:/Android-ndk/toolchains/arm-linux-androideabi-4.4.3/prebuilt/windows-x86_64/bin/../lib/gcc/arm-linux-androideabi/4.4.3\libgcc.a(_aeabi_ldivmod.o)
 .debug_info    0x0000000000006cee       0xde d:/Android-ndk/toolchains/arm-linux-androideabi-4.4.3/prebuilt/windows-x86_64/bin/../lib/gcc/arm-linux-androideabi/4.4.3\libgcc.a(bpabi.o)
 .debug_info    0x0000000000006dcc     0x1424 d:/Android-ndk/toolchains/arm-linux-androideabi-4.4.3/prebuilt/windows-x86_64/bin/../lib/gcc/arm-linux-androideabi/4.4.3\libgcc.a(unwind-arm.o)
 .debug_info    0x00000000000081f0       0xd9 d:/Android-ndk/toolchains/arm-linux-androideabi-4.4.3/prebuilt/windows-x86_64/bin/../lib/gcc/arm-linux-androideabi/4.4.3\libgcc.a(libunwind.o)
 .debug_info    0x00000000000082c9      0x636 d:/Android-ndk/toolchains/arm-linux-androideabi-4.4.3/prebuilt/windows-x86_64/bin/../lib/gcc/arm-linux-androideabi/4.4.3\libgcc.a(pr-support.o)
 .debug_info    0x00000000000088ff      0x606 d:/Android-ndk/toolchains/arm-linux-androideabi-4.4.3/prebuilt/windows-x86_64/bin/../lib/gcc/arm-linux-androideabi/4.4.3\libgcc.a(_divdi3.o)
 .debug_info    0x0000000000008f05      0x5cb d:/Android-ndk/toolchains/arm-linux-androideabi-4.4.3/prebuilt/windows-x86_64/bin/../lib/gcc/arm-linux-androideabi/4.4.3\libgcc.a(_udivdi3.o)
 .debug_info    0x00000000000094d0       0xdb d:/Android-ndk/toolchains/arm-linux-androideabi-4.4.3/prebuilt/windows-x86_64/bin/../lib/gcc/arm-linux-androideabi/4.4.3\libgcc.a(_udivsi3.o)
 .debug_info    0x00000000000095ab       0xdb d:/Android-ndk/toolchains/arm-linux-androideabi-4.4.3/prebuilt/windows-x86_64/bin/../lib/gcc/arm-linux-androideabi/4.4.3\libgcc.a(_dvmd_lnx.o)

.debug_abbrev   0x0000000000000000      0xef9
 *(.debug_abbrev)
 .debug_abbrev  0x0000000000000000      0x34c debug\s3eVungle_platform.os
 .debug_abbrev  0x000000000000034c      0x149 debug\s3eVungle.os
 .debug_abbrev  0x0000000000000495       0xd7 debug\s3eVungle_register.os
 .debug_abbrev  0x000000000000056c       0x14 d:/Android-ndk/toolchains/arm-linux-androideabi-4.4.3/prebuilt/windows-x86_64/bin/../lib/gcc/arm-linux-androideabi/4.4.3\libgcc.a(_aeabi_ldivmod.o)
 .debug_abbrev  0x0000000000000580       0x6a d:/Android-ndk/toolchains/arm-linux-androideabi-4.4.3/prebuilt/windows-x86_64/bin/../lib/gcc/arm-linux-androideabi/4.4.3\libgcc.a(bpabi.o)
 .debug_abbrev  0x00000000000005ea      0x3bb d:/Android-ndk/toolchains/arm-linux-androideabi-4.4.3/prebuilt/windows-x86_64/bin/../lib/gcc/arm-linux-androideabi/4.4.3\libgcc.a(unwind-arm.o)
 .debug_abbrev  0x00000000000009a5       0x14 d:/Android-ndk/toolchains/arm-linux-androideabi-4.4.3/prebuilt/windows-x86_64/bin/../lib/gcc/arm-linux-androideabi/4.4.3\libgcc.a(libunwind.o)
 .debug_abbrev  0x00000000000009b9      0x220 d:/Android-ndk/toolchains/arm-linux-androideabi-4.4.3/prebuilt/windows-x86_64/bin/../lib/gcc/arm-linux-androideabi/4.4.3\libgcc.a(pr-support.o)
 .debug_abbrev  0x0000000000000bd9      0x18b d:/Android-ndk/toolchains/arm-linux-androideabi-4.4.3/prebuilt/windows-x86_64/bin/../lib/gcc/arm-linux-androideabi/4.4.3\libgcc.a(_divdi3.o)
 .debug_abbrev  0x0000000000000d64      0x16d d:/Android-ndk/toolchains/arm-linux-androideabi-4.4.3/prebuilt/windows-x86_64/bin/../lib/gcc/arm-linux-androideabi/4.4.3\libgcc.a(_udivdi3.o)
 .debug_abbrev  0x0000000000000ed1       0x14 d:/Android-ndk/toolchains/arm-linux-androideabi-4.4.3/prebuilt/windows-x86_64/bin/../lib/gcc/arm-linux-androideabi/4.4.3\libgcc.a(_udivsi3.o)
 .debug_abbrev  0x0000000000000ee5       0x14 d:/Android-ndk/toolchains/arm-linux-androideabi-4.4.3/prebuilt/windows-x86_64/bin/../lib/gcc/arm-linux-androideabi/4.4.3\libgcc.a(_dvmd_lnx.o)

.debug_line     0x0000000000000000     0x147f
 *(.debug_line)
 .debug_line    0x0000000000000000      0x56f debug\s3eVungle_platform.os
 .debug_line    0x000000000000056f      0x23c debug\s3eVungle.os
 .debug_line    0x00000000000007ab       0xf2 debug\s3eVungle_register.os
 .debug_line    0x000000000000089d       0x83 d:/Android-ndk/toolchains/arm-linux-androideabi-4.4.3/prebuilt/windows-x86_64/bin/../lib/gcc/arm-linux-androideabi/4.4.3\libgcc.a(_aeabi_ldivmod.o)
 .debug_line    0x0000000000000920       0x89 d:/Android-ndk/toolchains/arm-linux-androideabi-4.4.3/prebuilt/windows-x86_64/bin/../lib/gcc/arm-linux-androideabi/4.4.3\libgcc.a(bpabi.o)
 .debug_line    0x00000000000009a9      0x4b2 d:/Android-ndk/toolchains/arm-linux-androideabi-4.4.3/prebuilt/windows-x86_64/bin/../lib/gcc/arm-linux-androideabi/4.4.3\libgcc.a(unwind-arm.o)
 .debug_line    0x0000000000000e5b       0xcf d:/Android-ndk/toolchains/arm-linux-androideabi-4.4.3/prebuilt/windows-x86_64/bin/../lib/gcc/arm-linux-androideabi/4.4.3\libgcc.a(libunwind.o)
 .debug_line    0x0000000000000f2a      0x1b2 d:/Android-ndk/toolchains/arm-linux-androideabi-4.4.3/prebuilt/windows-x86_64/bin/../lib/gcc/arm-linux-androideabi/4.4.3\libgcc.a(pr-support.o)
 .debug_line    0x00000000000010dc      0x140 d:/Android-ndk/toolchains/arm-linux-androideabi-4.4.3/prebuilt/windows-x86_64/bin/../lib/gcc/arm-linux-androideabi/4.4.3\libgcc.a(_divdi3.o)
 .debug_line    0x000000000000121c      0x130 d:/Android-ndk/toolchains/arm-linux-androideabi-4.4.3/prebuilt/windows-x86_64/bin/../lib/gcc/arm-linux-androideabi/4.4.3\libgcc.a(_udivdi3.o)
 .debug_line    0x000000000000134c       0xaa d:/Android-ndk/toolchains/arm-linux-androideabi-4.4.3/prebuilt/windows-x86_64/bin/../lib/gcc/arm-linux-androideabi/4.4.3\libgcc.a(_udivsi3.o)
 .debug_line    0x00000000000013f6       0x89 d:/Android-ndk/toolchains/arm-linux-androideabi-4.4.3/prebuilt/windows-x86_64/bin/../lib/gcc/arm-linux-androideabi/4.4.3\libgcc.a(_dvmd_lnx.o)

.debug_frame    0x0000000000000000      0xc70
 *(.debug_frame)
 .debug_frame   0x0000000000000000      0x4d8 debug\s3eVungle_platform.os
 .debug_frame   0x00000000000004d8      0x2b0 debug\s3eVungle.os
 .debug_frame   0x0000000000000788       0x84 debug\s3eVungle_register.os
 .debug_frame   0x000000000000080c       0x60 d:/Android-ndk/toolchains/arm-linux-androideabi-4.4.3/prebuilt/windows-x86_64/bin/../lib/gcc/arm-linux-androideabi/4.4.3\libgcc.a(bpabi.o)
 .debug_frame   0x000000000000086c      0x248 d:/Android-ndk/toolchains/arm-linux-androideabi-4.4.3/prebuilt/windows-x86_64/bin/../lib/gcc/arm-linux-androideabi/4.4.3\libgcc.a(unwind-arm.o)
 .debug_frame   0x0000000000000ab4      0x108 d:/Android-ndk/toolchains/arm-linux-androideabi-4.4.3/prebuilt/windows-x86_64/bin/../lib/gcc/arm-linux-androideabi/4.4.3\libgcc.a(pr-support.o)
 .debug_frame   0x0000000000000bbc       0x44 d:/Android-ndk/toolchains/arm-linux-androideabi-4.4.3/prebuilt/windows-x86_64/bin/../lib/gcc/arm-linux-androideabi/4.4.3\libgcc.a(_divdi3.o)
 .debug_frame   0x0000000000000c00       0x48 d:/Android-ndk/toolchains/arm-linux-androideabi-4.4.3/prebuilt/windows-x86_64/bin/../lib/gcc/arm-linux-androideabi/4.4.3\libgcc.a(_udivdi3.o)
 .debug_frame   0x0000000000000c48       0x28 d:/Android-ndk/toolchains/arm-linux-androideabi-4.4.3/prebuilt/windows-x86_64/bin/../lib/gcc/arm-linux-androideabi/4.4.3\libgcc.a(_udivsi3.o)

.debug_str      0x0000000000000000     0x62ba
 *(.debug_str)
 .debug_str     0x0000000000000000     0x5501 debug\s3eVungle_platform.os
                                       0x56c6 (size before relaxing)
 .debug_str     0x0000000000005501      0x20b debug\s3eVungle.os
                                        0x792 (size before relaxing)
 .debug_str     0x000000000000570c       0xb6 debug\s3eVungle_register.os
                                        0x1d7 (size before relaxing)
 .debug_str     0x00000000000057c2       0x97 d:/Android-ndk/toolchains/arm-linux-androideabi-4.4.3/prebuilt/windows-x86_64/bin/../lib/gcc/arm-linux-androideabi/4.4.3\libgcc.a(bpabi.o)
                                         0xbc (size before relaxing)
 .debug_str     0x0000000000005859      0x7f7 d:/Android-ndk/toolchains/arm-linux-androideabi-4.4.3/prebuilt/windows-x86_64/bin/../lib/gcc/arm-linux-androideabi/4.4.3\libgcc.a(unwind-arm.o)
                                        0x8d2 (size before relaxing)
 .debug_str     0x0000000000006050      0x11b d:/Android-ndk/toolchains/arm-linux-androideabi-4.4.3/prebuilt/windows-x86_64/bin/../lib/gcc/arm-linux-androideabi/4.4.3\libgcc.a(pr-support.o)
                                        0x438 (size before relaxing)
 .debug_str     0x000000000000616b      0x145 d:/Android-ndk/toolchains/arm-linux-androideabi-4.4.3/prebuilt/windows-x86_64/bin/../lib/gcc/arm-linux-androideabi/4.4.3\libgcc.a(_divdi3.o)
                                        0x1f5 (size before relaxing)
 .debug_str     0x00000000000062b0        0xa d:/Android-ndk/toolchains/arm-linux-androideabi-4.4.3/prebuilt/windows-x86_64/bin/../lib/gcc/arm-linux-androideabi/4.4.3\libgcc.a(_udivdi3.o)
                                        0x1f6 (size before relaxing)

.debug_loc      0x0000000000000000     0x2c88
 *(.debug_loc)
 .debug_loc     0x0000000000000000      0x716 debug\s3eVungle_platform.os
 .debug_loc     0x0000000000000716      0x3c0 debug\s3eVungle.os
 .debug_loc     0x0000000000000ad6       0xa5 debug\s3eVungle_register.os
 .debug_loc     0x0000000000000b7b      0x120 d:/Android-ndk/toolchains/arm-linux-androideabi-4.4.3/prebuilt/windows-x86_64/bin/../lib/gcc/arm-linux-androideabi/4.4.3\libgcc.a(bpabi.o)
 .debug_loc     0x0000000000000c9b      0xfef d:/Android-ndk/toolchains/arm-linux-androideabi-4.4.3/prebuilt/windows-x86_64/bin/../lib/gcc/arm-linux-androideabi/4.4.3\libgcc.a(unwind-arm.o)
 .debug_loc     0x0000000000001c8a      0x2f9 d:/Android-ndk/toolchains/arm-linux-androideabi-4.4.3/prebuilt/windows-x86_64/bin/../lib/gcc/arm-linux-androideabi/4.4.3\libgcc.a(pr-support.o)
 .debug_loc     0x0000000000001f83      0x6cf d:/Android-ndk/toolchains/arm-linux-androideabi-4.4.3/prebuilt/windows-x86_64/bin/../lib/gcc/arm-linux-androideabi/4.4.3\libgcc.a(_divdi3.o)
 .debug_loc     0x0000000000002652      0x636 d:/Android-ndk/toolchains/arm-linux-androideabi-4.4.3/prebuilt/windows-x86_64/bin/../lib/gcc/arm-linux-androideabi/4.4.3\libgcc.a(_udivdi3.o)

.debug_macinfo
 *(.debug_macinfo)

.debug_weaknames
 *(.debug_weaknames)

.debug_funcnames
 *(.debug_funcnames)

.debug_typenames
 *(.debug_typenames)

.debug_varnames
 *(.debug_varnames)

.debug_pubtypes
 *(.debug_pubtypes)

.debug_ranges   0x0000000000000000      0x5b8
 *(.debug_ranges)
 .debug_ranges  0x0000000000000000      0x178 debug\s3eVungle_platform.os
 .debug_ranges  0x0000000000000178       0xc8 debug\s3eVungle.os
 .debug_ranges  0x0000000000000240       0x28 debug\s3eVungle_register.os
 .debug_ranges  0x0000000000000268      0x1f8 d:/Android-ndk/toolchains/arm-linux-androideabi-4.4.3/prebuilt/windows-x86_64/bin/../lib/gcc/arm-linux-androideabi/4.4.3\libgcc.a(unwind-arm.o)
 .debug_ranges  0x0000000000000460       0x30 d:/Android-ndk/toolchains/arm-linux-androideabi-4.4.3/prebuilt/windows-x86_64/bin/../lib/gcc/arm-linux-androideabi/4.4.3\libgcc.a(pr-support.o)
 .debug_ranges  0x0000000000000490       0xa0 d:/Android-ndk/toolchains/arm-linux-androideabi-4.4.3/prebuilt/windows-x86_64/bin/../lib/gcc/arm-linux-androideabi/4.4.3\libgcc.a(_divdi3.o)
 .debug_ranges  0x0000000000000530       0x88 d:/Android-ndk/toolchains/arm-linux-androideabi-4.4.3/prebuilt/windows-x86_64/bin/../lib/gcc/arm-linux-androideabi/4.4.3\libgcc.a(_udivdi3.o)

.gnu.attributes
 *(.gnu.attributes)

.note.gnu.arm.ident
 *(.note.gnu.arm.ident)

/DISCARD/
 *(.note.GNU-stack)
 *(.gnu_debuglink)
OUTPUT(D:\HOG\HOG-Orinoco\s3eVungle\lib\android\libs3eVungle_d.so elf32-littlearm)

.ARM.attributes
                0x0000000000000000       0x31
 .ARM.attributes
                0x0000000000000000       0x2d d:/Android-ndk/platforms/android-9/arch-arm/usr/lib/crtbegin_so.o
 .ARM.attributes
                0x000000000000002d       0x2d debug\s3eVungle_platform.os
 .ARM.attributes
                0x000000000000005a       0x2b debug\s3eVungle.os
 .ARM.attributes
                0x0000000000000085       0x2b debug\s3eVungle_register.os
 .ARM.attributes
                0x00000000000000b0       0x2b C:\airplay\7.1.2\s3e\edk\lib\android\libedk.a(IwDebug.o)
 .ARM.attributes
                0x00000000000000db       0x2b C:\airplay\7.1.2\s3e\edk\lib\android\libedk.a(edk_helpers.o)
 .ARM.attributes
                0x0000000000000106       0x19 d:/Android-ndk/toolchains/arm-linux-androideabi-4.4.3/prebuilt/windows-x86_64/bin/../lib/gcc/arm-linux-androideabi/4.4.3\libgcc.a(_aeabi_ldivmod.o)
 .ARM.attributes
                0x000000000000011f       0x29 d:/Android-ndk/toolchains/arm-linux-androideabi-4.4.3/prebuilt/windows-x86_64/bin/../lib/gcc/arm-linux-androideabi/4.4.3\libgcc.a(bpabi.o)
 .ARM.attributes
                0x0000000000000148       0x29 d:/Android-ndk/toolchains/arm-linux-androideabi-4.4.3/prebuilt/windows-x86_64/bin/../lib/gcc/arm-linux-androideabi/4.4.3\libgcc.a(unwind-arm.o)
 .ARM.attributes
                0x0000000000000171       0x19 d:/Android-ndk/toolchains/arm-linux-androideabi-4.4.3/prebuilt/windows-x86_64/bin/../lib/gcc/arm-linux-androideabi/4.4.3\libgcc.a(libunwind.o)
 .ARM.attributes
                0x000000000000018a       0x29 d:/Android-ndk/toolchains/arm-linux-androideabi-4.4.3/prebuilt/windows-x86_64/bin/../lib/gcc/arm-linux-androideabi/4.4.3\libgcc.a(pr-support.o)
 .ARM.attributes
                0x00000000000001b3       0x29 d:/Android-ndk/toolchains/arm-linux-androideabi-4.4.3/prebuilt/windows-x86_64/bin/../lib/gcc/arm-linux-androideabi/4.4.3\libgcc.a(_divdi3.o)
 .ARM.attributes
                0x00000000000001dc       0x29 d:/Android-ndk/toolchains/arm-linux-androideabi-4.4.3/prebuilt/windows-x86_64/bin/../lib/gcc/arm-linux-androideabi/4.4.3\libgcc.a(_udivdi3.o)
 .ARM.attributes
                0x0000000000000205       0x19 d:/Android-ndk/toolchains/arm-linux-androideabi-4.4.3/prebuilt/windows-x86_64/bin/../lib/gcc/arm-linux-androideabi/4.4.3\libgcc.a(_udivsi3.o)
 .ARM.attributes
                0x000000000000021e       0x19 d:/Android-ndk/toolchains/arm-linux-androideabi-4.4.3/prebuilt/windows-x86_64/bin/../lib/gcc/arm-linux-androideabi/4.4.3\libgcc.a(_dvmd_lnx.o)
 .ARM.attributes
                0x0000000000000237       0x1f d:/Android-ndk/platforms/android-9/arch-arm/usr/lib/crtend_so.o
